Archive member included to satisfy reference by file (symbol)

/usr/bin/../lib/gcc/arm-none-eabi/7.3.1/thumb/v7-m/libgcc.a(_aeabi_ldivmod.o)
                              TransferHitsControl.o (__aeabi_ldivmod)
/usr/bin/../lib/gcc/arm-none-eabi/7.3.1/thumb/v7-m/libgcc.a(_aeabi_uldivmod.o)
                              TransferHitsControl.o (__aeabi_uldivmod)
/usr/bin/../lib/gcc/arm-none-eabi/7.3.1/thumb/v7-m/libgcc.a(_udivmoddi4.o)
                              /usr/bin/../lib/gcc/arm-none-eabi/7.3.1/thumb/v7-m/libgcc.a(_aeabi_ldivmod.o) (__udivmoddi4)
/usr/bin/../lib/gcc/arm-none-eabi/7.3.1/thumb/v7-m/libgcc.a(_dvmd_tls.o)
                              /usr/bin/../lib/gcc/arm-none-eabi/7.3.1/thumb/v7-m/libgcc.a(_aeabi_ldivmod.o) (__aeabi_ldiv0)
/usr/bin/../lib/gcc/arm-none-eabi/7.3.1/../../../../arm-none-eabi/lib/thumb/v7-m/libc.a(lib_a-memcpy.o)
                              DisplayTask.o (memcpy)
/usr/bin/../lib/gcc/arm-none-eabi/7.3.1/../../../../arm-none-eabi/lib/thumb/v7-m/libc.a(lib_a-memset.o)
                              TransferHitsControl.o (memset)

Allocating common symbols
Common symbol       size              file

__dso_handle        0x4               bmptk_cortex.o

Discarded input sections

 .group         0x0000000000000000        0xc Buzzer.o
 .text          0x0000000000000000        0x0 Buzzer.o
 .data          0x0000000000000000        0x0 Buzzer.o
 .bss           0x0000000000000000        0x0 Buzzer.o
 .text._ZN3due11ad_pin_infoENS_7ad_pinsE
                0x0000000000000000       0x1c Buzzer.o
 .text._ZN3due11ad_seq_infoEm
                0x0000000000000000       0x20 Buzzer.o
 .text._ZN5hwlib19uart_char_availableEv
                0x0000000000000000        0x4 Buzzer.o
 .text._ZN5hwlib9uart_getcEv
                0x0000000000000000        0x4 Buzzer.o
 .rodata._ZZN3due11ad_pin_infoENS_7ad_pinsEE17ad_pin_info_array
                0x0000000000000000        0xc Buzzer.o
 .rodata._ZZN3due11ad_seq_infoEmE12ad_seq_array
                0x0000000000000000       0x70 Buzzer.o
 .group         0x0000000000000000        0xc BuzzerTask.o
 .text          0x0000000000000000        0x0 BuzzerTask.o
 .data          0x0000000000000000        0x0 BuzzerTask.o
 .bss           0x0000000000000000        0x0 BuzzerTask.o
 .text._ZN6sam3xa10SystemInitEv
                0x0000000000000000       0x7c BuzzerTask.o
 .text._ZN3due8pin_infoENS_4pinsE
                0x0000000000000000       0x20 BuzzerTask.o
 .text._ZN3due11ad_pin_infoENS_7ad_pinsE
                0x0000000000000000       0x1c BuzzerTask.o
 .text._ZN3due11ad_seq_infoEm
                0x0000000000000000       0x20 BuzzerTask.o
 .text._ZN3due14port_registersEm
                0x0000000000000000       0x54 BuzzerTask.o
 .text._ZN3due12ticks_per_usEv
                0x0000000000000000        0x6 BuzzerTask.o
 .text._ZN3due9now_ticksEv
                0x0000000000000000       0x80 BuzzerTask.o
 .text._ZN5hwlib9uart_putcEc
                0x0000000000000000        0x4 BuzzerTask.o
 .text._ZN5hwlib19uart_char_availableEv
                0x0000000000000000        0x4 BuzzerTask.o
 .text._ZN5hwlib9uart_getcEv
                0x0000000000000000        0x4 BuzzerTask.o
 .bss._ZZN3due9now_ticksEvE4high
                0x0000000000000000        0x8 BuzzerTask.o
 .bss._ZZN3due9now_ticksEvE8last_low
                0x0000000000000000        0x4 BuzzerTask.o
 .bss._ZZN3due9now_ticksEvE9init_done
                0x0000000000000000        0x1 BuzzerTask.o
 .data._ZN6sam3xa15SystemCoreClockE
                0x0000000000000000        0x4 BuzzerTask.o
 .rodata._ZN3due8pin_infoENS_4pinsE.str1.1
                0x0000000000000000       0x44 BuzzerTask.o
 .rodata._ZZN3due11ad_pin_infoENS_7ad_pinsEE17ad_pin_info_array
                0x0000000000000000        0xc BuzzerTask.o
 .rodata._ZZN3due11ad_seq_infoEmE12ad_seq_array
                0x0000000000000000       0x70 BuzzerTask.o
 .rodata._ZZN3due8pin_infoENS_4pinsEE14pin_info_array
                0x0000000000000000       0xa4 BuzzerTask.o
 .group         0x0000000000000000        0xc Display.o
 .text          0x0000000000000000        0x0 Display.o
 .data          0x0000000000000000        0x0 Display.o
 .bss           0x0000000000000000        0x0 Display.o
 .text._ZN6sam3xa10SystemInitEv
                0x0000000000000000       0x7c Display.o
 .text._ZN3due8pin_infoENS_4pinsE
                0x0000000000000000       0x20 Display.o
 .text._ZN3due11ad_pin_infoENS_7ad_pinsE
                0x0000000000000000       0x1c Display.o
 .text._ZN3due11ad_seq_infoEm
                0x0000000000000000       0x20 Display.o
 .text._ZN3due14port_registersEm
                0x0000000000000000       0x54 Display.o
 .text._ZN3due12ticks_per_usEv
                0x0000000000000000        0x6 Display.o
 .text._ZN3due9now_ticksEv
                0x0000000000000000       0x80 Display.o
 .text._ZN5hwlib9uart_putcEc
                0x0000000000000000        0x4 Display.o
 .text._ZN5hwlib19uart_char_availableEv
[...]
Memory Configuration

Name             Origin             Length             Attributes
rom              0x0000000000000000 0x0000000000080000 xr
ram              0x0000000020000000 0x0000000000018000 xrw
nul              0x0000000020018000 0x0000000000000000 xrw
*default*        0x0000000000000000 0xffffffffffffffff

Linker script and memory map

LOAD /usr/bin/../lib/gcc/arm-none-eabi/7.3.1/thumb/v7-m/libgcc.a
LOAD Buzzer.o
LOAD BuzzerTask.o
LOAD Display.o
LOAD DisplayTask.o
LOAD GameTask.o
LOAD IrDetector.o
LOAD IrDiode.o
LOAD RecIRMsgControl.o
LOAD RunGameControl.o
LOAD SendTask.o
LOAD TransferHitsControl.o
LOAD switch_to.o
LOAD coroutine.o
LOAD rtos.o
LOAD hwlib.o
LOAD main.o
LOAD bmptk_cortex.o
LOAD bmptk_heap_bmptk.o
LOAD bmptk_fixed_size_stack.o
LOAD /usr/bin/../lib/gcc/arm-none-eabi/7.3.1/../../../../arm-none-eabi/lib/thumb/v7-m/libm.a
LOAD /usr/bin/../lib/gcc/arm-none-eabi/7.3.1/thumb/v7-m/libgcc.a
LOAD /usr/bin/../lib/gcc/arm-none-eabi/7.3.1/../../../../arm-none-eabi/lib/thumb/v7-m/libc.a
                0x0000000000000000                __rom_start = ORIGIN (rom)
                0x0000000000080000                __rom_size = LENGTH (rom)
                0x0000000000080000                __rom_end = (__rom_start + __rom_size)
                0x0000000020000000                __ram_start = ORIGIN (ram)
                0x0000000000018000                __ram_size = LENGTH (ram)
                0x0000000020018000                __ram_end = (__ram_start + __ram_size)
                [!provide]                        PROVIDE (__rom_start = __rom_start)
                [!provide]                        PROVIDE (__rom_size = __rom_size)
                [!provide]                        PROVIDE (__rom_end = __rom_end)
                [!provide]                        PROVIDE (__ram_start = __ram_start)
                [!provide]                        PROVIDE (__ram_size = __ram_size)
                [!provide]                        PROVIDE (__ram_end = __ram_end)

.text           0x0000000000000000     0x5978
                0x0000000000000000                . = ALIGN (0x4)
                0x0000000000000000                __text_start = .
                [!provide]                        PROVIDE (__text_start = __text_start)
                0x0000000000000000                . = ALIGN (0x4)
 *(.vectors)
 .vectors       0x0000000000000000       0x20 bmptk_cortex.o
                0x0000000000000000                __vectors
                0x0000000000000020                . = ALIGN (0x4)
 *(.text .text.* .gnu.linkonce.t.*)
 .text._ZN6sam3xa10SystemInitEv
                0x0000000000000020       0x7c Buzzer.o
                0x0000000000000020                sam3xa::SystemInit()
 .text._ZN3due8pin_infoENS_4pinsE
                0x000000000000009c       0x20 Buzzer.o
                0x000000000000009c                due::pin_info(due::pins)
 .text._ZN3due14port_registersEm
                0x00000000000000bc       0x54 Buzzer.o
                0x00000000000000bc                due::port_registers(unsigned long)
 .text._ZN3due12ticks_per_usEv
                0x0000000000000110        0x6 Buzzer.o
                0x0000000000000110                due::ticks_per_us()
 *fill*         0x0000000000000116        0x2 
 .text._ZN3due9now_ticksEv
                0x0000000000000118       0x80 Buzzer.o
                0x0000000000000118                due::now_ticks()
 .text._ZN5hwlib9uart_putcEc
                0x0000000000000198        0x4 Buzzer.o
                0x0000000000000198                hwlib::uart_putc(char)
 .text._ZN6Buzzer7soundOnEv
                0x000000000000019c       0x1a Buzzer.o
                0x000000000000019c                Buzzer::soundOn()
 .text._ZN6Buzzer8soundOffEv
                0x00000000000001b6       0x1a Buzzer.o
                0x00000000000001b6                Buzzer::soundOff()
 .text._ZN10BuzzerTask9makeSoundENS_6soundsE
                0x00000000000001d0       0x16 BuzzerTask.o
                0x00000000000001d0                BuzzerTask::makeSound(BuzzerTask::sounds)
 *fill*         0x00000000000001e6        0x2 
 .text._ZN7Display11showMessageERKN5hwlib11string_baseE
                0x00000000000001e8       0x80 Display.o
                0x00000000000001e8                Display::showMessage(hwlib::string_base const&)
 .text._ZN11DisplayTask14setDisplayFlagEv
                0x0000000000000268        0xa DisplayTask.o
                0x0000000000000268                DisplayTask::setDisplayFlag()
 .text._ZN11DisplayTask11showMessageEv
                0x0000000000000272       0x2a DisplayTask.o
                0x0000000000000272                DisplayTask::showMessage()
 .text._ZN5hwlib7ostream6fillerEi
                0x000000000000029c       0x1a GameTask.o
                0x000000000000029c                hwlib::ostream::filler(int)
 .text._ZN5hwliblsERNS_7ostreamEPKc
                0x00000000000002b6       0x54 GameTask.o
                0x00000000000002b6                hwlib::operator<<(hwlib::ostream&, char const*)
 *fill*         0x000000000000030a        0x2 
 .text._ZN4rtos7channelIiLi128EE4readEv.part.9
                0x000000000000030c       0x28 GameTask.o
 .text._ZN5hwlib11string_base7iterateC2EPKc
                0x0000000000000334       0x14 GameTask.o
                0x0000000000000334                hwlib::string_base::iterate::iterate(char const*)
                0x0000000000000334                hwlib::string_base::iterate::iterate(char const*)
 .text._ZN5hwlib11string_base6appendEc
                0x0000000000000348       0x14 GameTask.o
                0x0000000000000348                hwlib::string_base::append(char)
 .text._ZN4rtos8waitable3setEv
                0x000000000000035c        0xa GameTask.o
                0x000000000000035c                rtos::waitable::set()
 .text._ZN8GameTask13buttonPressedEi
                0x0000000000000366       0x38 GameTask.o
                0x0000000000000366                GameTask::buttonPressed(int)
                0x0000000000000366                GameTask::writeButtonChannel(int)
 .text._ZThn4228_N8GameTask13buttonPressedEi
                0x000000000000039e        0xc GameTask.o
                0x000000000000039e                non-virtual thunk to GameTask::buttonPressed(int)
 .text._ZN4rtos9task_base4waitERKNS_8waitableE
                0x00000000000003aa       0x10 GameTask.o
                0x00000000000003aa                rtos::task_base::wait(rtos::waitable const&)
 .text._ZN4rtos7channelIiLi128EE4readEv
                0x00000000000003ba       0x4c GameTask.o
                0x00000000000003ba                rtos::channel<int, 128>::read()
 .text._ZN4rtos7channelItLi128EE4readEv
                0x0000000000000406       0x4c GameTask.o
                0x0000000000000406                rtos::channel<unsigned short, 128>::read()
 *fill*         0x0000000000000452        0x2 
 .text._ZN5hwlib6stringILj200EEC2Ev
                0x0000000000000454       0x40 GameTask.o
                0x0000000000000454                hwlib::string<200u>::string()
                0x0000000000000454                hwlib::string<200u>::string()
 .text._ZN5hwlib11string_baseC2IA18_cEEjPcRKT_
                0x0000000000000494       0x3c GameTask.o
                0x0000000000000494                hwlib::string_base::string_base<char [18]>(unsigned int, char*, char const (&) [18])
                0x0000000000000494                hwlib::string_base::string_base<char [18]>(unsigned int, char*, char const (&) [18])
 .text._ZN5hwlib11string_baseC2IA12_cEEjPcRKT_
                0x00000000000004d0       0x3c GameTask.o
                0x00000000000004d0                hwlib::string_base::string_base<char [12]>(unsigned int, char*, char const (&) [12])
                0x00000000000004d0                hwlib::string_base::string_base<char [12]>(unsigned int, char*, char const (&) [12])
 .text._ZN5hwlib11string_baseC2IA13_cEEjPcRKT_
                0x000000000000050c       0x3c GameTask.o
                0x000000000000050c                hwlib::string_base::string_base<char [13]>(unsigned int, char*, char const (&) [13])
                0x000000000000050c                hwlib::string_base::string_base<char [13]>(unsigned int, char*, char const (&) [13])
 .text._ZN5hwlib11string_baseaSINS_6stringILj128EEEEERS0_RKT_
                0x0000000000000548       0x22 GameTask.o
                0x0000000000000548                hwlib::string_base& hwlib::string_base::operator=<hwlib::string<128u> >(hwlib::string<128u> const&)
 .text._ZN11DisplayTask16writeDisplayPoolILj64EEEvRN5hwlib6stringIXT_EEE
                0x000000000000056a       0x5a GameTask.o
                0x000000000000056a                void DisplayTask::writeDisplayPool<64u>(hwlib::string<64u>&)
 .text._ZN11DisplayTask16writeDisplayPoolILj20EEEvRN5hwlib6stringIXT_EEE
                0x00000000000005c4       0x5a GameTask.o
                0x00000000000005c4                void DisplayTask::writeDisplayPool<20u>(hwlib::string<20u>&)
 .text._ZN11DisplayTask16writeDisplayPoolILj200EEEvRN5hwlib6stringIXT_EEE
                0x000000000000061e       0x5a GameTask.o
                0x000000000000061e                void DisplayTask::writeDisplayPool<200u>(hwlib::string<200u>&)
 .text.startup._ZN8GameTask4mainEv
                0x0000000000000678      0x7ec GameTask.o
                0x0000000000000678                GameTask::main()
 .text._ZN10IrDetector3getEv
                0x0000000000000e64       0x10 IrDetector.o
                0x0000000000000e64                IrDetector::get()
 .text._ZN7IrDiode7setHighEv
                0x0000000000000e74       0x1a IrDiode.o
                0x0000000000000e74                IrDiode::setHigh()
 .text._ZN7IrDiode6setLowEv
                0x0000000000000e8e       0x1a IrDiode.o
                0x0000000000000e8e                IrDiode::setLow()
 .text._ZN15RecIRMsgControl6recBitEbb
                0x0000000000000ea8       0x22 RecIRMsgControl.o
                0x0000000000000ea8                RecIRMsgControl::recBit(bool, bool)
 .text._ZN14RunGameControl11setGameTimeEj
                0x0000000000000eca        0x4 RunGameControl.o
                0x0000000000000eca                RunGameControl::setGameTime(unsigned int)
 .text._ZN14RunGameControl10reduceTimeEv
                0x0000000000000ece        0xe RunGameControl.o
                0x0000000000000ece                RunGameControl::reduceTime()
 .text._ZN14RunGameControl7getTimeEv
                0x0000000000000edc        0x4 RunGameControl.o
                0x0000000000000edc                RunGameControl::getTime()
 .text._ZN5hwlib11string_basepLINS_6stringILj32EEEEERS0_RKT_
                0x0000000000000ee0       0x24 RunGameControl.o
                0x0000000000000ee0                hwlib::string_base& hwlib::string_base::operator+=<hwlib::string<32u> >(hwlib::string<32u> const&)
 .text._ZN5hwlib11string_baseC2IPKcEEjPcRKT_
                0x0000000000000f04       0x32 RunGameControl.o
                0x0000000000000f04                hwlib::string_base::string_base<char const*>(unsigned int, char*, char const* const&)
                0x0000000000000f04                hwlib::string_base::string_base<char const*>(unsigned int, char*, char const* const&)
 *fill*         0x0000000000000f36        0x2 
 .text._ZN14RunGameControl9toDisplayERN5hwlib6stringILj200EEE
                0x0000000000000f38       0x7c RunGameControl.o
                0x0000000000000f38                RunGameControl::toDisplay(hwlib::string<200u>&)
 .text._ZN8SendTask10setComFlagEv
                0x0000000000000fb4        0xa SendTask.o
                0x0000000000000fb4                SendTask::setComFlag()
 .text._ZN8SendTask12writeComPoolEt
                0x0000000000000fbe        0xe SendTask.o
                0x0000000000000fbe                SendTask::writeComPool(unsigned short)
 .text._ZN8SendTask8checkSumEv
                0x0000000000000fcc        0x2 SendTask.o
                0x0000000000000fcc                SendTask::checkSum()
 .text._ZN5hwlib7ostream7reverse10add_prefixERKS0_.part.2
                0x0000000000000fce       0x4c TransferHitsControl.o
 .text._ZN5hwlib7ostreamlsEc
                0x000000000000101a        0xe TransferHitsControl.o
                0x000000000000101a                hwlib::ostream::operator<<(char)
 .text._ZN5hwliblsERNS_7ostreamEi
                0x0000000000001028       0x92 TransferHitsControl.o
                0x0000000000001028                hwlib::operator<<(hwlib::ostream&, int)
 .text._ZN5hwliblsERNS_7ostreamEx
                0x00000000000010ba       0xc4 TransferHitsControl.o
                0x00000000000010ba                hwlib::operator<<(hwlib::ostream&, long long)
 *fill*         0x000000000000117e        0x2 
 .text._ZN19TransferHitsControl12exportPlayerEv
                0x0000000000001180       0xf0 TransferHitsControl.o
                0x0000000000001180                TransferHitsControl::exportPlayer()
 .text          0x0000000000001270       0x24 switch_to.o
                0x0000000000001270                switch_from_to
 .text._ZN4rtos8callback6cancelEv
                0x0000000000001294        0xa rtos.o
                0x0000000000001294                rtos::callback::cancel()
 .text._ZN5hwliblsERNS_7ostreamEj
                0x000000000000129e        0xc rtos.o
                0x000000000000129e                hwlib::operator<<(hwlib::ostream&, unsigned int)
 .text._Z6strlenPKc
                0x00000000000012aa       0x10 rtos.o
                0x00000000000012aa                strlen(char const*)
 .text._Z6strcpyPcPKc
                0x00000000000012ba       0x14 rtos.o
                0x00000000000012ba                strcpy(char*, char const*)
 .text._Z15string_allocatePKc
                0x00000000000012ce       0x26 rtos.o
                0x00000000000012ce                string_allocate(char const*)
 .text._Z12nr_from_maskj
                0x00000000000012f4       0x1a rtos.o
                0x00000000000012f4                nr_from_mask(unsigned int)
 *fill*         0x000000000000130e        0x2 
 .text._Z15task_trampolinev
                0x0000000000001310       0x34 rtos.o
                0x0000000000001310                task_trampoline()
 .text._ZN4rtos9task_base7releaseEv
                0x0000000000001344       0x24 rtos.o
                0x0000000000001344                rtos::task_base::release()
 .text._ZN4rtos9task_base7suspendEv
                0x0000000000001368        0x8 rtos.o
                0x0000000000001368                rtos::task_base::suspend()
 .text._ZN4rtos9task_base6resumeEv
                0x0000000000001370        0x8 rtos.o
                0x0000000000001370                rtos::task_base::resume()
 .text._ZN4rtos9task_base7unblockEv
                0x0000000000001378       0x14 rtos.o
                0x0000000000001378                rtos::task_base::unblock()
 .text._ZN4rtos9task_base5blockEv
                0x000000000000138c       0x70 rtos.o
                0x000000000000138c                rtos::task_base::block()
 .text._ZNK4rtos9task_base5printERN5hwlib7ostreamEb
                0x00000000000013fc      0x154 rtos.o
                0x00000000000013fc                rtos::task_base::print(hwlib::ostream&, bool) const
 .text._ZNK4rtos5eventeqERKS0_
                0x0000000000001550       0x3c rtos.o
                0x0000000000001550                rtos::event::operator==(rtos::event const&) const
 .text._ZNK4rtos5eventeqERKNS_8waitableE
                0x000000000000158c       0x1c rtos.o
                0x000000000000158c                rtos::event::operator==(rtos::waitable const&) const
 .text._ZNK4rtos5eventplERKS0_
                0x00000000000015a8       0x3c rtos.o
                0x00000000000015a8                rtos::event::operator+(rtos::event const&) const
 .text._ZNK4rtos4flag5printERN5hwlib7ostreamEb
                0x00000000000015e4       0xcc rtos.o
                0x00000000000015e4                rtos::flag::print(hwlib::ostream&, bool) const
 .text._ZN4rtos5timer3setEm
                0x00000000000016b0        0xe rtos.o
                0x00000000000016b0                rtos::timer::set(unsigned long)
 *fill*         0x00000000000016be        0x2 
 .text._ZNK4rtos5timer5printERN5hwlib7ostreamEb
                0x00000000000016c0       0xd0 rtos.o
                0x00000000000016c0                rtos::timer::print(hwlib::ostream&, bool) const
 .text._ZNK4rtos5clock5printERN5hwlib7ostreamEb
                0x0000000000001790       0xd4 rtos.o
                0x0000000000001790                rtos::clock::print(hwlib::ostream&, bool) const
 .text._ZN4rtos12waitable_set17waitable_allocateEv
                0x0000000000001864       0x38 rtos.o
                0x0000000000001864                rtos::waitable_set::waitable_allocate()
 .text._ZN4rtos8waitableC2EPNS_9task_baseEPKc
                0x000000000000189c       0x2c rtos.o
                0x000000000000189c                rtos::waitable::waitable(rtos::task_base*, char const*)
                0x000000000000189c                rtos::waitable::waitable(rtos::task_base*, char const*)
 .text._ZN4rtos12waitable_set3setERKNS_8waitableE
                0x00000000000018c8       0x14 rtos.o
                0x00000000000018c8                rtos::waitable_set::set(rtos::waitable const&)
 .text._ZN4rtos5clock7time_upEv
                0x00000000000018dc       0x38 rtos.o
                0x00000000000018dc                rtos::clock::time_up()
 .text._ZThn16_N4rtos5clock7time_upEv
                0x0000000000001914        0x8 rtos.o
                0x0000000000001914                non-virtual thunk to rtos::clock::time_up()
 .text._ZN4rtos5timer7time_upEv
                0x000000000000191c       0x10 rtos.o
                0x000000000000191c                rtos::timer::time_up()
                0x0000000000001926                non-virtual thunk to rtos::timer::time_up()
 .text._ZN4rtos4flag3setEv
                0x000000000000192c       0x10 rtos.o
                0x000000000000192c                rtos::flag::set()
 .text._ZN4rtos12waitable_set5clearERKNS_8waitableE
                0x000000000000193c        0xc rtos.o
                0x000000000000193c                rtos::waitable_set::clear(rtos::waitable const&)
 .text._ZN4rtos8waitable5clearEv
                0x0000000000001948        0xa rtos.o
                0x0000000000001948                rtos::waitable::clear()
 .text._ZN4rtos5timer6cancelEv
                0x0000000000001952       0x16 rtos.o
                0x0000000000001952                rtos::timer::cancel()
 .text._ZThn16_N4rtos5timer6cancelEv
                0x0000000000001968        0x8 rtos.o
                0x0000000000001968                non-virtual thunk to rtos::timer::cancel()
 .text._ZN4rtos5clock5clearEv
                0x0000000000001970        0x8 rtos.o
                0x0000000000001970                rtos::clock::clear()
 .text._ZN4rtos12waitable_set4waitEj
                0x0000000000001978       0x64 rtos.o
                0x0000000000001978                rtos::waitable_set::wait(unsigned int)
 .text._ZNK4rtos5mutex5printERN5hwlib7ostreamEb
                0x00000000000019dc       0xec rtos.o
                0x00000000000019dc                rtos::mutex::print(hwlib::ostream&, bool) const
 .text._ZNK4rtos12channel_base5printERN5hwlib7ostreamEb
                0x0000000000001ac8       0xe0 rtos.o
                0x0000000000001ac8                rtos::channel_base::print(hwlib::ostream&, bool) const
 .text._ZNK4rtos9pool_base5printERN5hwlib7ostreamEb
                0x0000000000001ba8       0x78 rtos.o
                0x0000000000001ba8                rtos::pool_base::print(hwlib::ostream&, bool) const
 .text._ZNK4rtos12mailbox_base5printERN5hwlib7ostreamEb
                0x0000000000001c20       0xc4 rtos.o
                0x0000000000001c20                rtos::mailbox_base::print(hwlib::ostream&, bool) const
 .text._ZlsRN5hwlib7ostreamERKN4rtos9task_baseE
                0x0000000000001ce4       0x12 rtos.o
                0x0000000000001ce4                operator<<(hwlib::ostream&, rtos::task_base const&)
 *fill*         0x0000000000001cf6        0x2 
 .text._ZN4rtos3addEPNS_4flagE
                0x0000000000001cf8       0x10 rtos.o
                0x0000000000001cf8                rtos::add(rtos::flag*)
 .text._ZN4rtos4flagC2EPNS_9task_baseEPKc
                0x0000000000001d08       0x20 rtos.o
                0x0000000000001d08                rtos::flag::flag(rtos::task_base*, char const*)
                0x0000000000001d08                rtos::flag::flag(rtos::task_base*, char const*)
 .text._ZN4rtos3addEPNS_5timerE
                0x0000000000001d28       0x10 rtos.o
                0x0000000000001d28                rtos::add(rtos::timer*)
 .text._ZN4rtos3addEPNS_5clockE
                0x0000000000001d38       0x10 rtos.o
                0x0000000000001d38                rtos::add(rtos::clock*)
 .text._ZN4rtos3addEPNS_12channel_baseE
                0x0000000000001d48       0x10 rtos.o
                0x0000000000001d48                rtos::add(rtos::channel_base*)
 .text._ZN4rtos12channel_baseC2EPNS_9task_baseEPKc
                0x0000000000001d58       0x30 rtos.o
                0x0000000000001d58                rtos::channel_base::channel_base(rtos::task_base*, char const*)
                0x0000000000001d58                rtos::channel_base::channel_base(rtos::task_base*, char const*)
 .text._ZN4rtos3addEPNS_9pool_baseE
                0x0000000000001d88       0x10 rtos.o
                0x0000000000001d88                rtos::add(rtos::pool_base*)
 .text._ZN4rtos9pool_baseC2EPKc
                0x0000000000001d98       0x1a rtos.o
                0x0000000000001d98                rtos::pool_base::pool_base(char const*)
                0x0000000000001d98                rtos::pool_base::pool_base(char const*)
 *fill*         0x0000000000001db2        0x2 
 .text._ZN4rtos5printERN5hwlib7ostreamE
                0x0000000000001db4      0x1b4 rtos.o
                0x0000000000001db4                rtos::print(hwlib::ostream&)
 .text._ZN4rtos4beatEv
                0x0000000000001f68      0x148 rtos.o
                0x0000000000001f68                rtos::beat()
 .text._ZN4rtos3runEv
                0x00000000000020b0       0x3c rtos.o
                0x00000000000020b0                rtos::run()
 .text._ZN4rtos3addEPNS_8callbackE
                0x00000000000020ec       0x10 rtos.o
                0x00000000000020ec                rtos::add(rtos::callback*)
 .text._ZN4rtos8callbackC2EPKc
                0x00000000000020fc       0x28 rtos.o
                0x00000000000020fc                rtos::callback::callback(char const*)
                0x00000000000020fc                rtos::callback::callback(char const*)
 .text._ZN4rtos5timerC2EPNS_9task_baseEPKc
                0x0000000000002124       0x34 rtos.o
                0x0000000000002124                rtos::timer::timer(rtos::task_base*, char const*)
                0x0000000000002124                rtos::timer::timer(rtos::task_base*, char const*)
 .text._ZN4rtos5clockC2EPNS_9task_baseEmPKc
                0x0000000000002158       0x3c rtos.o
                0x0000000000002158                rtos::clock::clock(rtos::task_base*, unsigned long, char const*)
                0x0000000000002158                rtos::clock::clock(rtos::task_base*, unsigned long, char const*)
 .text._ZN4rtos3addEPNS_9task_baseE
                0x0000000000002194       0x74 rtos.o
                0x0000000000002194                rtos::add(rtos::task_base*)
 .text._ZN4rtos9task_baseC2ER9coroutineILl0EEjPKc
                0x0000000000002208       0x4c rtos.o
                0x0000000000002208                rtos::task_base::task_base(coroutine<0l>&, unsigned int, char const*)
                0x0000000000002208                rtos::task_base::task_base(coroutine<0l>&, unsigned int, char const*)
 .text._ZN5hwlib7wait_usEi
                0x0000000000002254       0x3c rtos.o
                0x0000000000002254                hwlib::wait_us(int)
 .text._ZN5hwlib7wait_msEi
                0x0000000000002290       0x16 rtos.o
                0x0000000000002290                hwlib::wait_ms(int)
 .text._ZN5hwlib14pin_in_dummy_t4readEv
                0x00000000000022a6        0x4 hwlib.o
                0x00000000000022a6                hwlib::pin_in_dummy_t::read()
 .text._ZN5hwlib14pin_in_dummy_t7refreshEv
                0x00000000000022aa        0x2 hwlib.o
                0x00000000000022aa                hwlib::pin_in_dummy_t::refresh()
 .text._ZN5hwlib14pin_oc_dummy_t5writeEb
                0x00000000000022ac        0x2 hwlib.o
                0x00000000000022ac                hwlib::pin_oc_dummy_t::write(bool)
 .text._ZN5hwlib14pin_oc_dummy_t4readEv
                0x00000000000022ae        0x4 hwlib.o
                0x00000000000022ae                hwlib::pin_oc_dummy_t::read()
 .text._ZN5hwlib14pin_oc_dummy_t5flushEv
                0x00000000000022b2        0x2 hwlib.o
                0x00000000000022b2                hwlib::pin_oc_dummy_t::flush()
 .text._ZN5hwlib14pin_oc_dummy_t7refreshEv
                0x00000000000022b4        0x2 hwlib.o
                0x00000000000022b4                hwlib::pin_oc_dummy_t::refresh()
 .text._ZN5hwlib19port_in_from_pins_t14number_of_pinsEv
                0x00000000000022b6        0x4 hwlib.o
                0x00000000000022b6                hwlib::port_in_from_pins_t::number_of_pins()
 .text._ZN5hwlib19port_in_from_pins_t4readEv
                0x00000000000022ba       0x2a hwlib.o
                0x00000000000022ba                hwlib::port_in_from_pins_t::read()
 .text._ZN5hwlib19port_in_from_pins_t7refreshEv
                0x00000000000022e4       0x20 hwlib.o
                0x00000000000022e4                hwlib::port_in_from_pins_t::refresh()
 .text._ZN5hwlib19port_oc_from_pins_t14number_of_pinsEv
                0x0000000000002304        0x4 hwlib.o
                0x0000000000002304                hwlib::port_oc_from_pins_t::number_of_pins()
 .text._ZN5hwlib19port_oc_from_pins_t4readEv
                0x0000000000002308       0x2a hwlib.o
                0x0000000000002308                hwlib::port_oc_from_pins_t::read()
 .text._ZN5hwlib19port_oc_from_pins_t5writeEj
                0x0000000000002332       0x28 hwlib.o
                0x0000000000002332                hwlib::port_oc_from_pins_t::write(unsigned int)
 .text._ZN5hwlib19port_oc_from_pins_t7refreshEv
                0x000000000000235a       0x20 hwlib.o
                0x000000000000235a                hwlib::port_oc_from_pins_t::refresh()
 .text._ZN5hwlib19port_oc_from_pins_t5flushEv
                0x000000000000237a       0x20 hwlib.o
                0x000000000000237a                hwlib::port_oc_from_pins_t::flush()
 .text._ZN5hwlib21port_direct_from_in_t14number_of_pinsEv
                0x000000000000239a        0x8 hwlib.o
                0x000000000000239a                hwlib::port_direct_from_in_t::number_of_pins()
 .text._ZN5hwlib21port_direct_from_in_t4readEv
                0x00000000000023a2       0x18 hwlib.o
                0x00000000000023a2                hwlib::port_direct_from_in_t::read()
 .text._ZN5hwlib21port_direct_from_in_t7refreshEv
                0x00000000000023ba        0x2 hwlib.o
                0x00000000000023ba                hwlib::port_direct_from_in_t::refresh()
 .text._ZN5hwlib21port_direct_from_oc_t14number_of_pinsEv
                0x00000000000023bc        0x8 hwlib.o
                0x00000000000023bc                hwlib::port_direct_from_oc_t::number_of_pins()
 .text._ZN5hwlib21port_direct_from_oc_t5writeEj
                0x00000000000023c4       0x18 hwlib.o
                0x00000000000023c4                hwlib::port_direct_from_oc_t::write(unsigned int)
 .text._ZN5hwlib21port_direct_from_oc_t4readEv
                0x00000000000023dc       0x18 hwlib.o
                0x00000000000023dc                hwlib::port_direct_from_oc_t::read()
 .text._ZN5hwlib21port_direct_from_oc_t5flushEv
                0x00000000000023f4        0x2 hwlib.o
                0x00000000000023f4                hwlib::port_direct_from_oc_t::flush()
 .text._ZN5hwlib21port_direct_from_oc_t7refreshEv
                0x00000000000023f6        0x2 hwlib.o
                0x00000000000023f6                hwlib::port_direct_from_oc_t::refresh()
 .text._ZN5hwlib7istream11getc_nowaitEv
                0x00000000000023f8       0x1a hwlib.o
                0x00000000000023f8                hwlib::istream::getc_nowait()
 .text._ZN5hwlib20cout_using_uart_putc5flushEv
                0x0000000000002412        0x2 hwlib.o
                0x0000000000002412                hwlib::cout_using_uart_putc::flush()
 .text._ZNK5hwlib9image_8x819read_implementationENS_2xyE
                0x0000000000002414       0x44 hwlib.o
                0x0000000000002414                hwlib::image_8x8::read_implementation(hwlib::xy) const
 .text._ZN5hwlib6window20clear_implementationENS_5colorE
                0x0000000000002458       0x72 hwlib.o
                0x0000000000002458                hwlib::window::clear_implementation(hwlib::color)
 .text._ZN5hwlib6window5clearENS_5colorE
                0x00000000000024ca       0x56 hwlib.o
                0x00000000000024ca                hwlib::window::clear(hwlib::color)
 .text._ZN5hwlib5panicEPKcj
                0x0000000000002520        0x2 hwlib.o
                0x0000000000002520                hwlib::panic(char const*, unsigned int)
 *fill*         0x0000000000002522        0x2 
 .text._ZN5hwlib10background18do_background_workEv
                0x0000000000002524       0x3c hwlib.o
                0x0000000000002524                hwlib::background::do_background_work()
 .text._ZN5hwlib3allENS_2xyE
                0x0000000000002560       0x16 hwlib.o
                0x0000000000002560                hwlib::all(hwlib::xy)
 .text._ZNK5hwlib5colorngEv
                0x0000000000002576       0x2e hwlib.o
                0x0000000000002576                hwlib::color::operator-() const
 .text._ZN5hwlib12port_in_fromERNS_6pin_inES1_S1_S1_S1_S1_S1_S1_S1_S1_S1_S1_S1_S1_S1_S1_
                0x00000000000025a4       0x68 hwlib.o
                0x00000000000025a4                hwlib::port_in_from(hwlib::pin_in&, hwlib::pin_in&, hwlib::pin_in&, hwlib::pin_in&, hwlib::pin_in&, hwlib::pin_in&, hwlib::pin_in&, hwlib::pin_in&, hwlib::pin_in&, hwlib::pin_in&, hwlib::pin_in&, hwlib::pin_in&, hwlib::pin_in&, hwlib::pin_in&, hwlib::pin_in&, hwlib::pin_in&)
 .text._ZN5hwlib12port_oc_fromERNS_6pin_ocES1_S1_S1_S1_S1_S1_S1_S1_S1_S1_S1_S1_S1_S1_S1_
                0x000000000000260c       0x68 hwlib.o
                0x000000000000260c                hwlib::port_oc_from(hwlib::pin_oc&, hwlib::pin_oc&, hwlib::pin_oc&, hwlib::pin_oc&, hwlib::pin_oc&, hwlib::pin_oc&, hwlib::pin_oc&, hwlib::pin_oc&, hwlib::pin_oc&, hwlib::pin_oc&, hwlib::pin_oc&, hwlib::pin_oc&, hwlib::pin_oc&, hwlib::pin_oc&, hwlib::pin_oc&, hwlib::pin_oc&)
 .text._ZNK5hwlib5image4readENS_2xyE
                0x0000000000002674       0x3a hwlib.o
                0x0000000000002674                hwlib::image::read(hwlib::xy) const
 .text._ZNK5hwlib14image_invert_t19read_implementationENS_2xyE
                0x00000000000026ae       0x64 hwlib.o
                0x00000000000026ae                hwlib::image_invert_t::read_implementation(hwlib::xy) const
 *fill*         0x0000000000002712        0x2 
 .text._ZN5hwlib6invertERKNS_5imageE
                0x0000000000002714       0x18 hwlib.o
                0x0000000000002714                hwlib::invert(hwlib::image const&)
 .text._ZN3due9uart_initEv
                0x000000000000272c       0x60 hwlib.o
                0x000000000000272c                due::uart_init()
 .text._ZN3due9uart_putcEc
                0x000000000000278c       0x20 hwlib.o
                0x000000000000278c                due::uart_putc(char)
 .text._ZN5hwlib20cout_using_uart_putc4putcEc
                0x00000000000027ac        0xa hwlib.o
                0x00000000000027ac                hwlib::cout_using_uart_putc::putc(char)
 .text._ZN5hwlib6now_usEv
                0x00000000000027b6       0x1c hwlib.o
                0x00000000000027b6                hwlib::now_us()
 .text._ZN5hwlib12wait_us_busyEi
                0x00000000000027d2       0x1c hwlib.o
                0x00000000000027d2                hwlib::wait_us_busy(int)
 .text._ZN5hwlib8terminal10cursor_setENS_2xyE
                0x00000000000027ee       0x28 main.o
                0x00000000000027ee                hwlib::terminal::cursor_set(hwlib::xy)
 .text._ZN5hwlib14i2c_primitives8read_ackEv
                0x0000000000002816       0x10 main.o
                0x0000000000002816                hwlib::i2c_primitives::read_ack()
 .text._ZN5hwlib14i2c_primitives9write_ackEv
                0x0000000000002826        0x8 main.o
                0x0000000000002826                hwlib::i2c_primitives::write_ack()
 .text._ZN5hwlib14i2c_primitives10write_nackEv
                0x000000000000282e        0x8 main.o
                0x000000000000282e                hwlib::i2c_primitives::write_nack()
 .text._ZN5hwlib14i2c_primitives5writeEh
                0x0000000000002836       0x1c main.o
                0x0000000000002836                hwlib::i2c_primitives::write(unsigned char)
 .text._ZN5hwlib14i2c_primitives5writeEPKhj
                0x0000000000002852       0x24 main.o
                0x0000000000002852                hwlib::i2c_primitives::write(unsigned char const*, unsigned int)
 .text._ZN5hwlib14i2c_primitives9read_byteEv
                0x0000000000002876       0x20 main.o
                0x0000000000002876                hwlib::i2c_primitives::read_byte()
 .text._ZN5hwlib14i2c_primitives4readEbPhj
                0x0000000000002896       0x36 main.o
                0x0000000000002896                hwlib::i2c_primitives::read(bool, unsigned char*, unsigned int)
 .text._ZN5hwlib13terminal_from25cursor_set_implementationENS_2xyE
                0x00000000000028cc       0x28 main.o
                0x00000000000028cc                hwlib::terminal_from::cursor_set_implementation(hwlib::xy)
 .text._ZN5hwlib13terminal_from5clearEv
                0x00000000000028f4       0x30 main.o
                0x00000000000028f4                hwlib::terminal_from::clear()
 .text._ZN5hwlib13terminal_from5flushEv
                0x0000000000002924        0x8 main.o
                0x0000000000002924                hwlib::terminal_from::flush()
 .text._ZNK5hwlib16font_default_8x8ixEc
                0x000000000000292c       0x14 main.o
                0x000000000000292c                hwlib::font_default_8x8::operator[](char) const
 .text._ZN5hwlib29glcd_oled_i2c_128x64_buffered20write_implementationENS_2xyENS_5colorE
                0x0000000000002940       0x64 main.o
                0x0000000000002940                hwlib::glcd_oled_i2c_128x64_buffered::write_implementation(hwlib::xy, hwlib::color)
 .text._ZN3due6pin_in4readEv
                0x00000000000029a4       0x10 main.o
                0x00000000000029a4                due::pin_in::read()
 .text._ZN3due6pin_in7refreshEv
                0x00000000000029b4        0x2 main.o
                0x00000000000029b4                due::pin_in::refresh()
 .text._ZN3due7pin_out5writeEb
                0x00000000000029b6        0xe main.o
                0x00000000000029b6                due::pin_out::write(bool)
 .text._ZN3due7pin_out5flushEv
                0x00000000000029c4        0x2 main.o
                0x00000000000029c4                due::pin_out::flush()
 .text._ZN3due6pin_oc4readEv
                0x00000000000029c6       0x10 main.o
                0x00000000000029c6                due::pin_oc::read()
 .text._ZN3due6pin_oc5writeEb
                0x00000000000029d6       0x10 main.o
                0x00000000000029d6                due::pin_oc::write(bool)
 .text._ZN3due6pin_oc5flushEv
                0x00000000000029e6        0x2 main.o
                0x00000000000029e6                due::pin_oc::flush()
 .text._ZN3due6pin_oc7refreshEv
                0x00000000000029e8        0x2 main.o
                0x00000000000029e8                due::pin_oc::refresh()
 *fill*         0x00000000000029ea        0x2 
 .text._ZN3due8d2_36kHz5writeEb
                0x00000000000029ec       0x18 main.o
                0x00000000000029ec                due::d2_36kHz::write(bool)
 .text._ZN3due8d2_36kHz5flushEv
                0x0000000000002a04        0x2 main.o
                0x0000000000002a04                due::d2_36kHz::flush()
 .text._ZN5hwlib6keypadILi16EE4getcEv
                0x0000000000002a06       0x24 main.o
                0x0000000000002a06                hwlib::keypad<16>::getc()
 .text.startup._ZN11DisplayTask4mainEv
                0x0000000000002a2a       0x42 main.o
                0x0000000000002a2a                DisplayTask::main()
 .text._ZN4rtos7channelIiLi128EE5clearEv
                0x0000000000002a6c       0x10 main.o
                0x0000000000002a6c                rtos::channel<int, 128>::clear()
 .text._ZN4rtos7channelItLi128EE5clearEv
                0x0000000000002a7c       0x10 main.o
                0x0000000000002a7c                rtos::channel<unsigned short, 128>::clear()
 .text._ZN5hwlib8terminal4putcEc
                0x0000000000002a8c       0xde main.o
                0x0000000000002a8c                hwlib::terminal::putc(char)
 .text._ZN5hwlib26i2c_bus_bit_banged_scl_sda16wait_half_periodEv.isra.7
                0x0000000000002b6a        0x6 main.o
 .text._ZN5hwlib26i2c_bus_bit_banged_scl_sda11write_startEv
                0x0000000000002b70       0x34 main.o
                0x0000000000002b70                hwlib::i2c_bus_bit_banged_scl_sda::write_start()
 .text._ZN5hwlib26i2c_bus_bit_banged_scl_sda10write_stopEv
                0x0000000000002ba4       0x60 main.o
                0x0000000000002ba4                hwlib::i2c_bus_bit_banged_scl_sda::write_stop()
 .text._ZN5hwlib26i2c_bus_bit_banged_scl_sda9write_bitEb
                0x0000000000002c04       0x52 main.o
                0x0000000000002c04                hwlib::i2c_bus_bit_banged_scl_sda::write_bit(bool)
 .text._ZN5hwlib26i2c_bus_bit_banged_scl_sda8read_bitEv
                0x0000000000002c56       0x68 main.o
                0x0000000000002c56                hwlib::i2c_bus_bit_banged_scl_sda::read_bit()
 .text.startup._ZN11ReceiveTask4mainEv
                0x0000000000002cbe       0xda main.o
                0x0000000000002cbe                ReceiveTask::main()
 .text._ZN5hwlib13xy_iterator_tppEv
                0x0000000000002d98       0x18 main.o
                0x0000000000002d98                hwlib::xy_iterator_t::operator++()
 .text._ZN5hwlib13terminal_from19putc_implementationEc
                0x0000000000002db0      0x102 main.o
                0x0000000000002db0                hwlib::terminal_from::putc_implementation(char)
 *fill*         0x0000000000002eb2        0x2 
 .text.startup._ZN10BuzzerTask4mainEv
                0x0000000000002eb4      0x140 main.o
                0x0000000000002eb4                BuzzerTask::main()
 .text.startup._ZN8SendTask4mainEv
                0x0000000000002ff4       0xd4 main.o
                0x0000000000002ff4                SendTask::main()
 .text._ZN5hwlib21i2c_write_transactionC2ERNS_14i2c_primitivesEj
                0x00000000000030c8       0x24 main.o
                0x00000000000030c8                hwlib::i2c_write_transaction::i2c_write_transaction(hwlib::i2c_primitives&, unsigned int)
                0x00000000000030c8                hwlib::i2c_write_transaction::i2c_write_transaction(hwlib::i2c_primitives&, unsigned int)
 .text._ZN5hwlib21i2c_write_transaction5writeEPKhj
                0x00000000000030ec        0x8 main.o
                0x00000000000030ec                hwlib::i2c_write_transaction::write(unsigned char const*, unsigned int)
 .text._ZN5hwlib21i2c_write_transactionD2Ev
                0x00000000000030f4       0x18 main.o
                0x00000000000030f4                hwlib::i2c_write_transaction::~i2c_write_transaction()
                0x00000000000030f4                hwlib::i2c_write_transaction::~i2c_write_transaction()
 .text._ZN5hwlib11ssd1306_i2c7commandENS_16ssd1306_commandsEhh
                0x000000000000310c       0x3c main.o
                0x000000000000310c                hwlib::ssd1306_i2c::command(hwlib::ssd1306_commands, unsigned char, unsigned char)
 .text._ZN5hwlib29glcd_oled_i2c_128x64_buffered5flushEv
                0x0000000000003148       0x58 main.o
                0x0000000000003148                hwlib::glcd_oled_i2c_128x64_buffered::flush()
 .text._ZN3due6pin_inC2ENS_4pinsE
                0x00000000000031a0       0x34 main.o
                0x00000000000031a0                due::pin_in::pin_in(due::pins)
                0x00000000000031a0                due::pin_in::pin_in(due::pins)
 .text._ZN3due6pin_ocC2ENS_4pinsE
                0x00000000000031d4       0x34 main.o
                0x00000000000031d4                due::pin_oc::pin_oc(due::pins)
                0x00000000000031d4                due::pin_oc::pin_oc(due::pins)
 .text._ZN4rtos8callbackD2Ev
                0x0000000000003208       0x30 main.o
                0x0000000000003208                rtos::callback::~callback()
                0x0000000000003208                rtos::callback::~callback()
 .text._ZN4rtos5timerD2Ev
                0x0000000000003238       0x14 main.o
                0x0000000000003238                rtos::timer::~timer()
                0x0000000000003238                rtos::timer::~timer()
 .text._ZN4rtos9task_baseD2Ev
                0x000000000000324c       0x30 main.o
                0x000000000000324c                rtos::task_base::~task_base()
                0x000000000000324c                rtos::task_base::~task_base()
 .text._ZN4rtos4taskILi4096EEC2EjPKc
                0x000000000000327c       0x54 main.o
                0x000000000000327c                rtos::task<4096>::task(unsigned int, char const*)
                0x000000000000327c                rtos::task<4096>::task(unsigned int, char const*)
 .text._ZN5hwlib6stringILj32EEC2IA10_cEERKT_
                0x00000000000032d0       0x3a main.o
                0x00000000000032d0                hwlib::string<32u>::string<char [10]>(char const (&) [10])
                0x00000000000032d0                hwlib::string<32u>::string<char [10]>(char const (&) [10])
 .text._ZN5hwlib11string_baseC2IA1_cEEjPcRKT_
                0x000000000000330a       0x3c main.o
                0x000000000000330a                hwlib::string_base::string_base<char [1]>(unsigned int, char*, char const (&) [1])
                0x000000000000330a                hwlib::string_base::string_base<char [1]>(unsigned int, char*, char const (&) [1])
 *fill*         0x0000000000003346        0x2 
 .text._ZN11DisplayTaskC2ERN3due6pin_ocES2_
                0x0000000000003348      0x210 main.o
                0x0000000000003348                DisplayTask::DisplayTask(due::pin_oc&, due::pin_oc&)
                0x0000000000003348                DisplayTask::DisplayTask(due::pin_oc&, due::pin_oc&)
 .text.startup.main
                0x0000000000003558      0x8b8 main.o
                0x0000000000003558                main
 .text._ZN5hwlib6keypadILi16EE7pressedEv
                0x0000000000003e10       0x78 main.o
                0x0000000000003e10                hwlib::keypad<16>::pressed()
 .text._ZN5hwlib6keypadILi16EE14char_availableEv
                0x0000000000003e88       0x4a main.o
                0x0000000000003e88                hwlib::keypad<16>::char_available()
 .text._ZN8KeyboardILj1EE6updateEv
                0x0000000000003ed2       0x9c main.o
                0x0000000000003ed2                Keyboard<1u>::update()
 *fill*         0x0000000000003f6e        0x2 
 .text.startup._ZN17HardwareInputTaskILj1EE4mainEv
                0x0000000000003f70       0x48 main.o
                0x0000000000003f70                HardwareInputTask<1u>::main()
 .text.__startup
                0x0000000000003fb8       0x48 bmptk_cortex.o
                0x0000000000003fb8                __startup
 .text.__cxa_pure_virtual
                0x0000000000004000        0x2 bmptk_cortex.o
                0x0000000000004000                __cxa_pure_virtual
 *fill*         0x0000000000004002        0x2 
 .text.malloc   0x0000000000004004       0x24 bmptk_heap_bmptk.o
                0x0000000000004004                malloc
 .text          0x0000000000004028       0xa0 /usr/bin/../lib/gcc/arm-none-eabi/7.3.1/thumb/v7-m/libgcc.a(_aeabi_ldivmod.o)
                0x0000000000004028                __aeabi_ldivmod
 .text          0x00000000000040c8       0x30 /usr/bin/../lib/gcc/arm-none-eabi/7.3.1/thumb/v7-m/libgcc.a(_aeabi_uldivmod.o)
                0x00000000000040c8                __aeabi_uldivmod
 .text          0x00000000000040f8      0x2d0 /usr/bin/../lib/gcc/arm-none-eabi/7.3.1/thumb/v7-m/libgcc.a(_udivmoddi4.o)
                0x00000000000040f8                __udivmoddi4
 .text          0x00000000000043c8        0x4 /usr/bin/../lib/gcc/arm-none-eabi/7.3.1/thumb/v7-m/libgcc.a(_dvmd_tls.o)
                0x00000000000043c8                __aeabi_ldiv0
 .text          0x00000000000043cc       0xec /usr/bin/../lib/gcc/arm-none-eabi/7.3.1/../../../../arm-none-eabi/lib/thumb/v7-m/libc.a(lib_a-memcpy.o)
                0x00000000000043cc                memcpy
 .text.memset   0x00000000000044b8       0x94 /usr/bin/../lib/gcc/arm-none-eabi/7.3.1/../../../../arm-none-eabi/lib/thumb/v7-m/libc.a(lib_a-memset.o)
                0x00000000000044b8                memset
                0x000000000000454c                . = ALIGN (0x4)
 *(.glue_7t .glue_7)
 .glue_7        0x000000000000454c        0x0 linker stubs
 .glue_7t       0x000000000000454c        0x0 linker stubs
                0x000000000000454c                . = ALIGN (0x4)
 *(.rodata .rodata.* .gnu.linkonce.r.*)
 .rodata._ZN3due8pin_infoENS_4pinsE.str1.1
                0x000000000000454c       0x44 Buzzer.o
 .rodata._ZZN3due8pin_infoENS_4pinsEE14pin_info_array
                0x0000000000004590       0xa4 Buzzer.o
 .rodata._ZN5hwlibL11unspecifiedE
                0x0000000000004634        0x4 Display.o
 .rodata._ZN4rtos7channelIiLi128EE4readEv.part.9.str1.1
                0x0000000000004638       0x32 GameTask.o
                                         0x34 (size before relaxing)
 .rodata._ZN5hwlib6stringILj200EEC2Ev.str1.1
                0x000000000000466a       0x32 GameTask.o
                                          0x1 (size before relaxing)
 .rodata._ZN8GameTask4mainEv.str1.1
                0x000000000000466a       0xae GameTask.o
 .rodata._ZTV8GameTask
                0x0000000000004718       0x24 GameTask.o
                0x0000000000004718                vtable for GameTask
 .rodata._ZN14RunGameControl9toDisplayERN5hwlib6stringILj200EEE.str1.1
                0x000000000000473c       0x20 RunGameControl.o
 .rodata._ZN19TransferHitsControl12exportPlayerEv.str1.1
                0x000000000000475c       0x52 TransferHitsControl.o
                                         0x56 (size before relaxing)
 *fill*         0x00000000000047ae        0x2 
 .rodata._ZTVN4rtos8waitableE
                0x00000000000047b0        0xc rtos.o
                0x00000000000047b0                vtable for rtos::waitable
 .rodata._ZTVN4rtos4flagE
                0x00000000000047bc        0xc rtos.o
                0x00000000000047bc                vtable for rtos::flag
 .rodata._ZTVN4rtos8callbackE
                0x00000000000047c8       0x10 rtos.o
                0x00000000000047c8                vtable for rtos::callback
 .rodata._ZTVN4rtos12channel_baseE
                0x00000000000047d8        0xc rtos.o
                0x00000000000047d8                vtable for rtos::channel_base
 .rodata._Z15task_trampolinev.str1.1
                0x00000000000047e4       0x2e rtos.o
 .rodata._ZN4rtos12waitable_set17waitable_allocateEv.str1.1
                0x0000000000004812       0x1b rtos.o
 .rodata._ZN4rtos3addEPNS_9task_baseE.str1.1
                0x000000000000482d       0x2e rtos.o
 .rodata._ZN4rtos3runEv.str1.1
                0x000000000000485b       0x11 rtos.o
 .rodata._ZN4rtos4beatEv.str1.1
                0x000000000000486c       0x3e rtos.o
 .rodata._ZN4rtos5printERN5hwlib7ostreamE.str1.1
                0x00000000000048aa       0x83 rtos.o
 .rodata._ZN4rtos9task_base5blockEv.str1.1
                0x000000000000492d       0x37 rtos.o
                                         0x4b (size before relaxing)
 .rodata._ZN4rtos9task_baseC2ER9coroutineILl0EEjPKc.str1.1
                0x0000000000004964        0x8 rtos.o
 .rodata._ZNK4rtos12channel_base5printERN5hwlib7ostreamEb.str1.1
                0x000000000000496c       0x23 rtos.o
 .rodata._ZNK4rtos12mailbox_base5printERN5hwlib7ostreamEb.str1.1
                0x000000000000498f       0x1b rtos.o
 .rodata._ZNK4rtos4flag5printERN5hwlib7ostreamEb.str1.1
                0x00000000000049aa       0x1e rtos.o
 .rodata._ZNK4rtos5clock5printERN5hwlib7ostreamEb.str1.1
                0x00000000000049c8       0x1d rtos.o
 .rodata._ZNK4rtos5eventeqERKS0_.str1.1
                0x00000000000049e5       0x21 rtos.o
 .rodata._ZNK4rtos5eventplERKS0_.str1.1
                0x0000000000004a06       0x1e rtos.o
 .rodata._ZNK4rtos5mutex5printERN5hwlib7ostreamEb.str1.1
                0x0000000000004a24       0x29 rtos.o
 .rodata._ZNK4rtos5timer5printERN5hwlib7ostreamEb.str1.1
                0x0000000000004a4d       0x13 rtos.o
 .rodata._ZNK4rtos9pool_base5printERN5hwlib7ostreamEb.str1.1
                0x0000000000004a60       0x10 rtos.o
 .rodata._ZNK4rtos9task_base5printERN5hwlib7ostreamEb.str1.1
                0x0000000000004a70       0x39 rtos.o
 *fill*         0x0000000000004aa9        0x3 
 .rodata._ZTVN4rtos5clockE
                0x0000000000004aac       0x20 rtos.o
                0x0000000000004aac                vtable for rtos::clock
 .rodata._ZTVN4rtos5timerE
                0x0000000000004acc       0x24 rtos.o
                0x0000000000004acc                vtable for rtos::timer
 .rodata._ZTVN4rtos9task_baseE
                0x0000000000004af0       0x14 rtos.o
                0x0000000000004af0                vtable for rtos::task_base
 .rodata._ZTVN5hwlib14pin_in_dummy_tE
                0x0000000000004b04       0x10 hwlib.o
                0x0000000000004b04                vtable for hwlib::pin_in_dummy_t
 .rodata._ZTVN5hwlib14pin_oc_dummy_tE
                0x0000000000004b14       0x18 hwlib.o
                0x0000000000004b14                vtable for hwlib::pin_oc_dummy_t
 .rodata._ZTVN5hwlib19port_in_from_pins_tE
                0x0000000000004b2c       0x14 hwlib.o
                0x0000000000004b2c                vtable for hwlib::port_in_from_pins_t
 .rodata._ZTVN5hwlib19port_oc_from_pins_tE
                0x0000000000004b40       0x1c hwlib.o
                0x0000000000004b40                vtable for hwlib::port_oc_from_pins_t
 .rodata._ZTVN5hwlib21port_direct_from_in_tE
                0x0000000000004b5c       0x14 hwlib.o
                0x0000000000004b5c                vtable for hwlib::port_direct_from_in_t
 .rodata._ZTVN5hwlib21port_direct_from_oc_tE
                0x0000000000004b70       0x1c hwlib.o
                0x0000000000004b70                vtable for hwlib::port_direct_from_oc_t
 .rodata._ZTVN5hwlib20cout_using_uart_putcE
                0x0000000000004b8c       0x10 hwlib.o
                0x0000000000004b8c                vtable for hwlib::cout_using_uart_putc
 .rodata._ZTVN5hwlib9image_8x8E
                0x0000000000004b9c        0xc hwlib.o
                0x0000000000004b9c                vtable for hwlib::image_8x8
 .rodata._ZTVN5hwlib14image_invert_tE
                0x0000000000004ba8        0xc hwlib.o
                0x0000000000004ba8                vtable for hwlib::image_invert_t
 .rodata._ZN5hwlib16font_default_8x86imagesE
                0x0000000000004bb4      0xa00 hwlib.o
                0x0000000000004bb4                hwlib::font_default_8x8::images
 .rodata._ZN5hwlibL5blackE
                0x00000000000055b4        0x4 hwlib.o
 .rodata._ZN5hwlibL5whiteE
                0x00000000000055b8        0x4 hwlib.o
 .rodata._ZTVN5hwlib26i2c_bus_bit_banged_scl_sdaE
                0x00000000000055bc       0x34 main.o
                0x00000000000055bc                vtable for hwlib::i2c_bus_bit_banged_scl_sda
 .rodata._ZTVN5hwlib13terminal_fromE
                0x00000000000055f0       0x20 main.o
                0x00000000000055f0                vtable for hwlib::terminal_from
 .rodata._ZTVN5hwlib16font_default_8x8E
                0x0000000000005610        0xc main.o
                0x0000000000005610                vtable for hwlib::font_default_8x8
 .rodata._ZTVN5hwlib29glcd_oled_i2c_128x64_bufferedE
                0x000000000000561c       0x18 main.o
                0x000000000000561c                vtable for hwlib::glcd_oled_i2c_128x64_buffered
 .rodata._ZTVN3due6pin_inE
                0x0000000000005634       0x10 main.o
                0x0000000000005634                vtable for due::pin_in
 .rodata._ZTVN3due7pin_outE
                0x0000000000005644       0x10 main.o
                0x0000000000005644                vtable for due::pin_out
 .rodata._ZTVN3due6pin_ocE
                0x0000000000005654       0x18 main.o
                0x0000000000005654                vtable for due::pin_oc
 .rodata._ZTVN3due8d2_36kHzE
                0x000000000000566c       0x10 main.o
                0x000000000000566c                vtable for due::d2_36kHz
 .rodata._ZTVN4rtos4taskILi4096EEE
                0x000000000000567c       0x14 main.o
                0x000000000000567c                vtable for rtos::task<4096>
 .rodata._ZTV10BuzzerTask
                0x0000000000005690       0x14 main.o
                0x0000000000005690                vtable for BuzzerTask
 .rodata._ZTV11DisplayTask
                0x00000000000056a4       0x14 main.o
                0x00000000000056a4                vtable for DisplayTask
 .rodata._ZTV8SendTask
                0x00000000000056b8       0x14 main.o
                0x00000000000056b8                vtable for SendTask
 .rodata._ZTVN5hwlib6keypadILi16EEE
                0x00000000000056cc       0x14 main.o
                0x00000000000056cc                vtable for hwlib::keypad<16>
 .rodata._ZTVN4rtos7channelIiLi128EEE
                0x00000000000056e0        0xc main.o
                0x00000000000056e0                vtable for rtos::channel<int, 128>
 .rodata._ZTVN4rtos7channelItLi128EEE
                0x00000000000056ec        0xc main.o
                0x00000000000056ec                vtable for rtos::channel<unsigned short, 128>
 .rodata._ZTV11ReceiveTask
                0x00000000000056f8       0x14 main.o
                0x00000000000056f8                vtable for ReceiveTask
 .rodata._ZTV17HardwareInputTaskILj1EE
                0x000000000000570c       0x14 main.o
                0x000000000000570c                vtable for HardwareInputTask<1u>
 .rodata._ZN10BuzzerTask4mainEv.str1.1
                0x0000000000005720       0x11 main.o
 .rodata._ZN11DisplayTaskC2ERN3due6pin_ocES2_.str1.1
                0x0000000000005731       0x29 main.o
                                         0x2a (size before relaxing)
 .rodata._ZN17HardwareInputTaskILj1EE4mainEv.str1.1
                0x000000000000575a       0x19 main.o
 .rodata._ZN4rtos8callbackD2Ev.str1.1
                0x0000000000005773       0x21 main.o
                                         0x35 (size before relaxing)
 .rodata._ZN4rtos9task_baseD2Ev.str1.1
                0x0000000000005794       0x17 main.o
 .rodata._ZN5hwlibL11unspecifiedE
                0x00000000000057ab        0x4 main.o
 .rodata._ZN5hwlibL22ssd1306_initializationE
                0x00000000000057af       0x29 main.o
 .rodata._ZN8SendTask4mainEv.str1.1
                0x00000000000057d8        0xf main.o
 .rodata.main.str1.1
                0x00000000000057e7      0x190 main.o
                0x0000000000005978                . = ALIGN (0x4)
 *fill*         0x0000000000005977        0x1 
 *(.ARM.extab* .gnu.linkonce.armextab.*)
                0x0000000000005978                . = ALIGN (0x4)
 *(.gcc_except_table)
                0x0000000000005978                . = ALIGN (0x4)
 *(.eh_frame_hdr)
                0x0000000000005978                . = ALIGN (0x4)
 *(.eh_frame)
                0x0000000000005978                . = ALIGN (0x4)
                0x0000000000005978                __text_end = .
                [!provide]                        PROVIDE (__text_end = __text_end)

.vfp11_veneer   0x0000000000005978        0x0
 .vfp11_veneer  0x0000000000005978        0x0 linker stubs

.v4_bx          0x0000000000005978        0x0
 .v4_bx         0x0000000000005978        0x0 linker stubs

.iplt           0x0000000000005978        0x0
 .iplt          0x0000000000005978        0x0 Buzzer.o

.IF_YOU_SEE_THIS_YOU_HAVE_ONE_OR_MORE_GLOBAL_OBJECT_CONSTRUCTORS
 *(.init)
 *(.preinit_array)
 *(SORT_BY_NAME(.init_array.*))
 *(.init_array)
                0x0000000000005978                . = ALIGN (0x4)
                0x0000000000005978                __exidx_start = .
                [!provide]                        PROVIDE (__exidx_start = __exidx_start)

.ARM.exidx      0x0000000000005978        0x8
 *(.ARM.exidx* .gnu.linkonce.armexidx.*)
 .ARM.exidx     0x0000000000005978        0x8 /usr/bin/../lib/gcc/arm-none-eabi/7.3.1/thumb/v7-m/libgcc.a(_udivmoddi4.o)

.rel.dyn        0x0000000000005980        0x0
 .rel.iplt      0x0000000000005980        0x0 Buzzer.o
                0x0000000000005980                . = ALIGN (0x4)
                0x0000000000005980                __exidx_end = .
                [!provide]                        PROVIDE (__exidx_end = __exidx_end)

.bss            0x0000000020000000    0x14074
                0x0000000020000000                . = ALIGN (0x4)
                0x0000000020000000                __stack_start = .
                [!provide]                        PROVIDE (__stack_start = __stack_start)
                0x0000000020000000                . = ALIGN (0x4)
 *(.bmptk_stack)
 .bmptk_stack   0x0000000020000000    0x14000 bmptk_fixed_size_stack.o
                0x0000000020000000                bmptk_stack
                0x0000000020014000                . = ALIGN (0x8)
                0x0000000020014000                __main_stack_end = .
                [!provide]                        PROVIDE (__main_stack_end = __main_stack_end)
                0x0000000020014000                . = ALIGN (0x4)
                0x0000000020014000                __stack_end = .
                [!provide]                        PROVIDE (__stack_end = __stack_end)
                0x0000000020014000                . = ALIGN (0x4)
                0x0000000020014000                __bss_start = .
                [!provide]                        PROVIDE (__bss_start = __bss_start)
                0x0000000020014000                . = ALIGN (0x4)
 *(.bss .bss.* .gnu.linkonce.b.*)
 .bss._ZZN3due9now_ticksEvE4high
                0x0000000020014000        0x8 Buzzer.o
 .bss._ZZN3due9now_ticksEvE8last_low
                0x0000000020014008        0x4 Buzzer.o
 .bss._ZZN3due9now_ticksEvE9init_done
                0x000000002001400c        0x1 Buzzer.o
 *fill*         0x000000002001400d        0x3 
 .bss._ZZN6PlayerILi5000ELi6EE9reportHitEjjE7counter
                0x0000000020014010        0x4 GameTask.o
                0x0000000020014010                Player<5000, 6>::reportHit(unsigned int, unsigned int)::counter
 .bss._ZZN8GameTask4mainEvE10hitMessage
                0x0000000020014014        0x2 GameTask.o
                0x0000000020014014                GameTask::main()::hitMessage
 *fill*         0x0000000020014016        0x2 
 .bss._ZZN8GameTask4mainEvE11runSubState
                0x0000000020014018        0x4 GameTask.o
                0x0000000020014018                GameTask::main()::runSubState
 .bss._ZZN8GameTask4mainEvE12initSubState
                0x000000002001401c        0x4 GameTask.o
                0x000000002001401c                GameTask::main()::initSubState
 .bss._ZZN8GameTask4mainEvE11regSubState
                0x0000000020014020        0x4 GameTask.o
                0x0000000020014020                GameTask::main()::regSubState
 .bss._ZZN8GameTask4mainEvE9mainState
                0x0000000020014024        0x4 GameTask.o
                0x0000000020014024                GameTask::main()::mainState
 .bss._ZN17coroutine_context7main_spE
                0x0000000020014028        0x4 coroutine.o
                0x0000000020014028                coroutine_context::main_sp
 .bss._ZN4rtos10must_clearE
                0x000000002001402c        0x1 rtos.o
                0x000000002001402c                rtos::must_clear
 *fill*         0x000000002001402d        0x3 
 .bss._ZN4rtos17rtos_current_taskE
                0x0000000020014030        0x4 rtos.o
                0x0000000020014030                rtos::rtos_current_task
 .bss._ZN4rtos17scheduler_runningE
                0x0000000020014034        0x1 rtos.o
                0x0000000020014034                rtos::scheduler_running
 *fill*         0x0000000020014035        0x3 
 .bss._ZN4rtos5flagsE
                0x0000000020014038        0x4 rtos.o
                0x0000000020014038                rtos::flags
 .bss._ZN4rtos5poolsE
                0x000000002001403c        0x4 rtos.o
                0x000000002001403c                rtos::pools
 .bss._ZN4rtos6clocksE
                0x0000000020014040        0x4 rtos.o
                0x0000000020014040                rtos::clocks
 .bss._ZN4rtos6timersE
                0x0000000020014044        0x4 rtos.o
                0x0000000020014044                rtos::timers
 .bss._ZN4rtos7mutexesE
                0x0000000020014048        0x4 rtos.o
                0x0000000020014048                rtos::mutexes
 .bss._ZN4rtos8channelsE
                0x000000002001404c        0x4 rtos.o
                0x000000002001404c                rtos::channels
 .bss._ZN4rtos8taskListE
                0x0000000020014050        0x4 rtos.o
                0x0000000020014050                rtos::taskList
 .bss._ZN4rtos9mailboxesE
                0x0000000020014054        0x4 rtos.o
                0x0000000020014054                rtos::mailboxes
 .bss._ZN4rtos9timerListE
                0x0000000020014058        0x4 rtos.o
                0x0000000020014058                rtos::timerList
 *fill*         0x000000002001405c        0x4 
 .bss.last_run_time
                0x0000000020014060        0x8 rtos.o
                0x0000000020014060                last_run_time
 .bss._ZN5hwlib10background5firstE
                0x0000000020014068        0x4 hwlib.o
                0x0000000020014068                hwlib::background::first
 .bss._ZN5hwlib10background7currentE
                0x000000002001406c        0x4 hwlib.o
                0x000000002001406c                hwlib::background::current
 .bss._ZN5hwlib10background7runningE
                0x0000000020014070        0x1 hwlib.o
                0x0000000020014070                hwlib::background::running
 .bss._ZZN3due9uart_initEvE9init_done
                0x0000000020014071        0x1 hwlib.o
                0x0000000020014074                . = ALIGN (0x4)
 *fill*         0x0000000020014072        0x2 
 *(COMMON)
                0x0000000020014074                . = ALIGN (0x4)
                0x0000000020014074                __bss_end = .
                [!provide]                        PROVIDE (__bss_end = __bss_end)

.data           0x0000000020014074       0x34 load address 0x0000000000005980
                0x0000000020014074                . = ALIGN (0x4)
                0x0000000000005980                __data_init_start = LOADADDR (.data)
                [!provide]                        PROVIDE (__data_init_start = __data_init_start)
                0x0000000020014074                __data_start = .
                [!provide]                        PROVIDE (__data_start = __data_start)
                0x0000000020014074                . = ALIGN (0x4)
 *(.data .data.* .gnu.linkonce.d.*)
 .data._ZN6sam3xa15SystemCoreClockE
                0x0000000020014074        0x4 Buzzer.o
                0x0000000020014074                sam3xa::SystemCoreClock
 .data._ZZN8GameTask4mainEvE9itterator
                0x0000000020014078        0x4 GameTask.o
                0x0000000020014078                GameTask::main()::itterator
 .data._ZN17coroutine_context24current_coroutine_sp_ptrE
                0x000000002001407c        0x4 coroutine.o
                0x000000002001407c                coroutine_context::current_coroutine_sp_ptr
 .data._ZN3due7hw_uartE
                0x0000000020014080        0x4 hwlib.o
                0x0000000020014080                due::hw_uart
 .data._ZN5hwlib12pin_in_dummyE
                0x0000000020014084        0x4 hwlib.o
                0x0000000020014084                hwlib::pin_in_dummy
 .data._ZN5hwlib12pin_oc_dummyE
                0x0000000020014088        0x4 hwlib.o
                0x0000000020014088                hwlib::pin_oc_dummy
 .data._ZN5hwlib4coutE
                0x000000002001408c       0x14 hwlib.o
                0x000000002001408c                hwlib::cout
 .data._first_free
                0x00000000200140a0        0x4 bmptk_heap_bmptk.o
                0x00000000200140a0                _first_free
 .data._last_free
                0x00000000200140a4        0x4 bmptk_heap_bmptk.o
                0x00000000200140a4                _last_free
                0x00000000200140a8                . = ALIGN (0x4)
                0x00000000200140a8                __data_end = .
                [!provide]                        PROVIDE (__data_end = __data_end)
                0x0000000000005980                __data_init_end = LOADADDR (.data)
                [!provide]                        PROVIDE (__data_init_end = __data_init_end)
                [!provide]                        PROVIDE (__data_size = (__data_end - __data_start))
                [!provide]                        PROVIDE (__data_init_size = __data_size)
                [!provide]                        PROVIDE (__data_init_end = (__data_init_start + __data_init_size))

.igot.plt       0x00000000200140a8        0x0 load address 0x00000000000059b4
 .igot.plt      0x00000000200140a8        0x0 Buzzer.o
                0x00000000200140a8                . = ALIGN (0x4)
                0x00000000200140a8                __heap_start = .
                [!provide]                        PROVIDE (__heap_start = __heap_start)
                0x00000000200140a8                . = ALIGN (0x4)
                0x0000000020018000                __heap_end = __ram_end
                [!provide]                        PROVIDE (__heap_end = __heap_end)

.stab
 *(.stab)

.stabstr
 *(.stabstr)

.debug
 *(.debug)

.line
 *(.line)

.debug_srcinfo
 *(.debug_srcinfo)

.debug_sfnames
 *(.debug_sfnames)

.debug_aranges
 *(.debug_aranges)

.debug_pubnames
 *(.debug_pubnames)

.debug_info
 *(.debug_info .gnu.linkonce.wi.*)

.debug_abbrev
 *(.debug_abbrev)

.debug_line
 *(.debug_line)

.debug_frame    0x0000000000000000       0xdc
 *(.debug_frame)
 .debug_frame   0x0000000000000000       0x44 /usr/bin/../lib/gcc/arm-none-eabi/7.3.1/thumb/v7-m/libgcc.a(_aeabi_ldivmod.o)
 .debug_frame   0x0000000000000044       0x2c /usr/bin/../lib/gcc/arm-none-eabi/7.3.1/thumb/v7-m/libgcc.a(_aeabi_uldivmod.o)
 .debug_frame   0x0000000000000070       0x34 /usr/bin/../lib/gcc/arm-none-eabi/7.3.1/thumb/v7-m/libgcc.a(_udivmoddi4.o)
 .debug_frame   0x00000000000000a4       0x38 /usr/bin/../lib/gcc/arm-none-eabi/7.3.1/../../../../arm-none-eabi/lib/thumb/v7-m/libc.a(lib_a-memset.o)

.comment        0x0000000000000000       0x7f
 .comment       0x0000000000000000       0x7f Buzzer.o
                                         0x80 (size before relaxing)
 .comment       0x000000000000007f       0x80 BuzzerTask.o
 .comment       0x000000000000007f       0x80 Display.o
 .comment       0x000000000000007f       0x80 DisplayTask.o
 .comment       0x000000000000007f       0x80 GameTask.o
 .comment       0x000000000000007f       0x80 IrDetector.o
 .comment       0x000000000000007f       0x80 IrDiode.o
 .comment       0x000000000000007f       0x80 RecIRMsgControl.o
 .comment       0x000000000000007f       0x80 RunGameControl.o
 .comment       0x000000000000007f       0x80 SendTask.o
 .comment       0x000000000000007f       0x80 TransferHitsControl.o
 .comment       0x000000000000007f       0x80 coroutine.o
 .comment       0x000000000000007f       0x80 rtos.o
 .comment       0x000000000000007f       0x80 hwlib.o
 .comment       0x000000000000007f       0x80 main.o
 .comment       0x000000000000007f       0x80 bmptk_cortex.o
 .comment       0x000000000000007f       0x80 bmptk_heap_bmptk.o
 .comment       0x000000000000007f       0x80 bmptk_fixed_size_stack.o

.debug_str
 *(.debug_str)

.debug_loc
 *(.debug_loc)

.debug_macinfo
 *(.debug_macinfo)

.debug_weaknames
 *(.debug_weaknames)

.debug_funcnames
 *(.debug_funcnames)

.debug_typenames
 *(.debug_typenames)

.debug_varnames
 *(.debug_varnames)

.note.gnu.arm.ident
 *(.note.gnu.arm.ident)

.ARM.attributes
                0x0000000000000000       0x31
 *(.ARM.attributes)
 .ARM.attributes
                0x0000000000000000       0x33 Buzzer.o
 .ARM.attributes
                0x0000000000000033       0x33 BuzzerTask.o
 .ARM.attributes
                0x0000000000000066       0x33 Display.o
 .ARM.attributes
                0x0000000000000099       0x33 DisplayTask.o
 .ARM.attributes
                0x00000000000000cc       0x33 GameTask.o
 .ARM.attributes
                0x00000000000000ff       0x33 IrDetector.o
 .ARM.attributes
                0x0000000000000132       0x33 IrDiode.o
 .ARM.attributes
                0x0000000000000165       0x33 RecIRMsgControl.o
 .ARM.attributes
                0x0000000000000198       0x33 RunGameControl.o
 .ARM.attributes
                0x00000000000001cb       0x33 SendTask.o
 .ARM.attributes
                0x00000000000001fe       0x33 TransferHitsControl.o
 .ARM.attributes
                0x0000000000000231       0x21 switch_to.o
 .ARM.attributes
                0x0000000000000252       0x33 coroutine.o
 .ARM.attributes
                0x0000000000000285       0x33 rtos.o
 .ARM.attributes
                0x00000000000002b8       0x33 hwlib.o
 .ARM.attributes
                0x00000000000002eb       0x33 main.o
 .ARM.attributes
                0x000000000000031e       0x33 bmptk_cortex.o
 .ARM.attributes
                0x0000000000000351       0x33 bmptk_heap_bmptk.o
 .ARM.attributes
                0x0000000000000384       0x33 bmptk_fixed_size_stack.o
 .ARM.attributes
                0x00000000000003b7       0x1d /usr/bin/../lib/gcc/arm-none-eabi/7.3.1/thumb/v7-m/libgcc.a(_aeabi_ldivmod.o)
 .ARM.attributes
                0x00000000000003d4       0x1d /usr/bin/../lib/gcc/arm-none-eabi/7.3.1/thumb/v7-m/libgcc.a(_aeabi_uldivmod.o)
 .ARM.attributes
                0x00000000000003f1       0x2d /usr/bin/../lib/gcc/arm-none-eabi/7.3.1/thumb/v7-m/libgcc.a(_udivmoddi4.o)
 .ARM.attributes
                0x000000000000041e       0x1d /usr/bin/../lib/gcc/arm-none-eabi/7.3.1/thumb/v7-m/libgcc.a(_dvmd_tls.o)
 .ARM.attributes
                0x000000000000043b       0x1b /usr/bin/../lib/gcc/arm-none-eabi/7.3.1/../../../../arm-none-eabi/lib/thumb/v7-m/libc.a(lib_a-memcpy.o)
 .ARM.attributes
                0x0000000000000456       0x2d /usr/bin/../lib/gcc/arm-none-eabi/7.3.1/../../../../arm-none-eabi/lib/thumb/v7-m/libc.a(lib_a-memset.o)

/DISCARD/
 *(.note.GNU-stack)
                [!provide]                        PROVIDE (__text_size = (__text_end - __text_start))
                [!provide]                        PROVIDE (__exidx_size = (__exidx_end - __exidx_start))
                [!provide]                        PROVIDE (__bss_size = (__bss_end - __bss_start))
                [!provide]                        PROVIDE (__stack_size = (__stack_end - __stack_start))
                [!provide]                        PROVIDE (__heap_size = (__heap_end - __heap_start))
OUTPUT(main.elf elf32-littlearm)
