Archive member included to satisfy reference by file (symbol)

/usr/bin/../lib/gcc/arm-none-eabi/7.3.1/thumb/v7-m/libgcc.a(_aeabi_ldivmod.o)
                              TransferHitsControl.o (__aeabi_ldivmod)
/usr/bin/../lib/gcc/arm-none-eabi/7.3.1/thumb/v7-m/libgcc.a(_aeabi_uldivmod.o)
                              TransferHitsControl.o (__aeabi_uldivmod)
/usr/bin/../lib/gcc/arm-none-eabi/7.3.1/thumb/v7-m/libgcc.a(_udivmoddi4.o)
                              /usr/bin/../lib/gcc/arm-none-eabi/7.3.1/thumb/v7-m/libgcc.a(_aeabi_ldivmod.o) (__udivmoddi4)
/usr/bin/../lib/gcc/arm-none-eabi/7.3.1/thumb/v7-m/libgcc.a(_dvmd_tls.o)
                              /usr/bin/../lib/gcc/arm-none-eabi/7.3.1/thumb/v7-m/libgcc.a(_aeabi_ldivmod.o) (__aeabi_ldiv0)
/usr/bin/../lib/gcc/arm-none-eabi/7.3.1/../../../../arm-none-eabi/lib/thumb/v7-m/libc.a(lib_a-memcpy.o)
                              DisplayTask.o (memcpy)
/usr/bin/../lib/gcc/arm-none-eabi/7.3.1/../../../../arm-none-eabi/lib/thumb/v7-m/libc.a(lib_a-memset.o)
                              TransferHitsControl.o (memset)

Allocating common symbols
Common symbol       size              file

__dso_handle        0x4               bmptk_cortex.o

Discarded input sections

 .group         0x0000000000000000        0xc Buzzer.o
 .text          0x0000000000000000        0x0 Buzzer.o
 .data          0x0000000000000000        0x0 Buzzer.o
 .bss           0x0000000000000000        0x0 Buzzer.o
 .text._ZN3due11ad_pin_infoENS_7ad_pinsE
                0x0000000000000000       0x1c Buzzer.o
 .text._ZN3due11ad_seq_infoEm
                0x0000000000000000       0x20 Buzzer.o
 .text._ZN5hwlib19uart_char_availableEv
                0x0000000000000000        0x4 Buzzer.o
 .text._ZN5hwlib9uart_getcEv
                0x0000000000000000        0x4 Buzzer.o
 .rodata._ZZN3due11ad_pin_infoENS_7ad_pinsEE17ad_pin_info_array
                0x0000000000000000        0xc Buzzer.o
 .rodata._ZZN3due11ad_seq_infoEmE12ad_seq_array
                0x0000000000000000       0x70 Buzzer.o
 .group         0x0000000000000000        0xc BuzzerTask.o
 .text          0x0000000000000000        0x0 BuzzerTask.o
 .data          0x0000000000000000        0x0 BuzzerTask.o
 .bss           0x0000000000000000        0x0 BuzzerTask.o
 .text._ZN6sam3xa10SystemInitEv
                0x0000000000000000       0x7c BuzzerTask.o
 .text._ZN3due8pin_infoENS_4pinsE
                0x0000000000000000       0x20 BuzzerTask.o
 .text._ZN3due11ad_pin_infoENS_7ad_pinsE
                0x0000000000000000       0x1c BuzzerTask.o
 .text._ZN3due11ad_seq_infoEm
                0x0000000000000000       0x20 BuzzerTask.o
 .text._ZN3due14port_registersEm
                0x0000000000000000       0x54 BuzzerTask.o
 .text._ZN3due12ticks_per_usEv
                0x0000000000000000        0x6 BuzzerTask.o
 .text._ZN3due9now_ticksEv
                0x0000000000000000       0x80 BuzzerTask.o
 .text._ZN5hwlib9uart_putcEc
                0x0000000000000000        0x4 BuzzerTask.o
 .text._ZN5hwlib19uart_char_availableEv
                0x0000000000000000        0x4 BuzzerTask.o
 .text._ZN5hwlib9uart_getcEv
                0x0000000000000000        0x4 BuzzerTask.o
 .bss._ZZN3due9now_ticksEvE4high
                0x0000000000000000        0x8 BuzzerTask.o
 .bss._ZZN3due9now_ticksEvE8last_low
                0x0000000000000000        0x4 BuzzerTask.o
 .bss._ZZN3due9now_ticksEvE9init_done
                0x0000000000000000        0x1 BuzzerTask.o
 .data._ZN6sam3xa15SystemCoreClockE
                0x0000000000000000        0x4 BuzzerTask.o
 .rodata._ZN3due8pin_infoENS_4pinsE.str1.1
                0x0000000000000000       0x44 BuzzerTask.o
 .rodata._ZZN3due11ad_pin_infoENS_7ad_pinsEE17ad_pin_info_array
                0x0000000000000000        0xc BuzzerTask.o
 .rodata._ZZN3due11ad_seq_infoEmE12ad_seq_array
                0x0000000000000000       0x70 BuzzerTask.o
 .rodata._ZZN3due8pin_infoENS_4pinsEE14pin_info_array
                0x0000000000000000       0xa4 BuzzerTask.o
 .group         0x0000000000000000        0xc Display.o
 .text          0x0000000000000000        0x0 Display.o
 .data          0x0000000000000000        0x0 Display.o
 .bss           0x0000000000000000        0x0 Display.o
 .text._ZN6sam3xa10SystemInitEv
                0x0000000000000000       0x7c Display.o
 .text._ZN3due8pin_infoENS_4pinsE
                0x0000000000000000       0x20 Display.o
 .text._ZN3due11ad_pin_infoENS_7ad_pinsE
                0x0000000000000000       0x1c Display.o
 .text._ZN3due11ad_seq_infoEm
                0x0000000000000000       0x20 Display.o
 .text._ZN3due14port_registersEm
                0x0000000000000000       0x54 Display.o
 .text._ZN3due12ticks_per_usEv
                0x0000000000000000        0x6 Display.o
 .text._ZN3due9now_ticksEv
                0x0000000000000000       0x80 Display.o
 .text._ZN5hwlib9uart_putcEc
                0x0000000000000000        0x4 Display.o
 .text._ZN5hwlib19uart_char_availableEv
[...]
Memory Configuration

Name             Origin             Length             Attributes
rom              0x0000000000000000 0x0000000000080000 xr
ram              0x0000000020000000 0x0000000000018000 xrw
nul              0x0000000020018000 0x0000000000000000 xrw
*default*        0x0000000000000000 0xffffffffffffffff

Linker script and memory map

LOAD /usr/bin/../lib/gcc/arm-none-eabi/7.3.1/thumb/v7-m/libgcc.a
LOAD Buzzer.o
LOAD BuzzerTask.o
LOAD Display.o
LOAD DisplayTask.o
LOAD GameTask.o
LOAD IrDetector.o
LOAD IrDiode.o
LOAD RecIRMsgControl.o
LOAD RunGameControl.o
LOAD SendTask.o
LOAD TransferHitsControl.o
LOAD switch_to.o
LOAD coroutine.o
LOAD rtos.o
LOAD hwlib.o
LOAD main.o
LOAD bmptk_cortex.o
LOAD bmptk_heap_bmptk.o
LOAD bmptk_fixed_size_stack.o
LOAD /usr/bin/../lib/gcc/arm-none-eabi/7.3.1/../../../../arm-none-eabi/lib/thumb/v7-m/libm.a
LOAD /usr/bin/../lib/gcc/arm-none-eabi/7.3.1/thumb/v7-m/libgcc.a
LOAD /usr/bin/../lib/gcc/arm-none-eabi/7.3.1/../../../../arm-none-eabi/lib/thumb/v7-m/libc.a
                0x0000000000000000                __rom_start = ORIGIN (rom)
                0x0000000000080000                __rom_size = LENGTH (rom)
                0x0000000000080000                __rom_end = (__rom_start + __rom_size)
                0x0000000020000000                __ram_start = ORIGIN (ram)
                0x0000000000018000                __ram_size = LENGTH (ram)
                0x0000000020018000                __ram_end = (__ram_start + __ram_size)
                [!provide]                        PROVIDE (__rom_start = __rom_start)
                [!provide]                        PROVIDE (__rom_size = __rom_size)
                [!provide]                        PROVIDE (__rom_end = __rom_end)
                [!provide]                        PROVIDE (__ram_start = __ram_start)
                [!provide]                        PROVIDE (__ram_size = __ram_size)
                [!provide]                        PROVIDE (__ram_end = __ram_end)

.text           0x0000000000000000     0x5948
                0x0000000000000000                . = ALIGN (0x4)
                0x0000000000000000                __text_start = .
                [!provide]                        PROVIDE (__text_start = __text_start)
                0x0000000000000000                . = ALIGN (0x4)
 *(.vectors)
 .vectors       0x0000000000000000       0x20 bmptk_cortex.o
                0x0000000000000000                __vectors
                0x0000000000000020                . = ALIGN (0x4)
 *(.text .text.* .gnu.linkonce.t.*)
 .text._ZN6sam3xa10SystemInitEv
                0x0000000000000020       0x7c Buzzer.o
                0x0000000000000020                sam3xa::SystemInit()
 .text._ZN3due8pin_infoENS_4pinsE
                0x000000000000009c       0x20 Buzzer.o
                0x000000000000009c                due::pin_info(due::pins)
 .text._ZN3due14port_registersEm
                0x00000000000000bc       0x54 Buzzer.o
                0x00000000000000bc                due::port_registers(unsigned long)
 .text._ZN3due12ticks_per_usEv
                0x0000000000000110        0x6 Buzzer.o
                0x0000000000000110                due::ticks_per_us()
 *fill*         0x0000000000000116        0x2 
 .text._ZN3due9now_ticksEv
                0x0000000000000118       0x80 Buzzer.o
                0x0000000000000118                due::now_ticks()
 .text._ZN5hwlib9uart_putcEc
                0x0000000000000198        0x4 Buzzer.o
                0x0000000000000198                hwlib::uart_putc(char)
 .text._ZN6Buzzer7soundOnEv
                0x000000000000019c       0x1a Buzzer.o
                0x000000000000019c                Buzzer::soundOn()
 .text._ZN6Buzzer8soundOffEv
                0x00000000000001b6       0x1a Buzzer.o
                0x00000000000001b6                Buzzer::soundOff()
 .text._ZN10BuzzerTask9makeSoundENS_6soundsE
                0x00000000000001d0       0x16 BuzzerTask.o
                0x00000000000001d0                BuzzerTask::makeSound(BuzzerTask::sounds)
 *fill*         0x00000000000001e6        0x2 
 .text._ZN7Display11showMessageERKN5hwlib11string_baseE
                0x00000000000001e8       0x80 Display.o
                0x00000000000001e8                Display::showMessage(hwlib::string_base const&)
 .text._ZN11DisplayTask14setDisplayFlagEv
                0x0000000000000268        0xa DisplayTask.o
                0x0000000000000268                DisplayTask::setDisplayFlag()
 .text._ZN11DisplayTask11showMessageEv
                0x0000000000000272       0x2a DisplayTask.o
                0x0000000000000272                DisplayTask::showMessage()
 .text._ZN5hwlib7ostream6fillerEi
                0x000000000000029c       0x1a GameTask.o
                0x000000000000029c                hwlib::ostream::filler(int)
 .text._ZN5hwliblsERNS_7ostreamEPKc
                0x00000000000002b6       0x54 GameTask.o
                0x00000000000002b6                hwlib::operator<<(hwlib::ostream&, char const*)
 *fill*         0x000000000000030a        0x2 
 .text._ZN4rtos7channelIiLi128EE4readEv.part.9
                0x000000000000030c       0x28 GameTask.o
 .text._ZN5hwlib11string_base7iterateC2EPKc
                0x0000000000000334       0x14 GameTask.o
                0x0000000000000334                hwlib::string_base::iterate::iterate(char const*)
                0x0000000000000334                hwlib::string_base::iterate::iterate(char const*)
 .text._ZN5hwlib11string_base6appendEc
                0x0000000000000348       0x14 GameTask.o
                0x0000000000000348                hwlib::string_base::append(char)
 .text._ZN4rtos8waitable3setEv
                0x000000000000035c        0xa GameTask.o
                0x000000000000035c                rtos::waitable::set()
 .text._ZN8GameTask13buttonPressedEi
                0x0000000000000366       0x38 GameTask.o
                0x0000000000000366                GameTask::buttonPressed(int)
                0x0000000000000366                GameTask::writeButtonChannel(int)
 .text._ZThn4228_N8GameTask13buttonPressedEi
                0x000000000000039e        0xc GameTask.o
                0x000000000000039e                non-virtual thunk to GameTask::buttonPressed(int)
 .text._ZN4rtos9task_base4waitERKNS_8waitableE
                0x00000000000003aa       0x10 GameTask.o
                0x00000000000003aa                rtos::task_base::wait(rtos::waitable const&)
 .text._ZN4rtos7channelIiLi128EE4readEv
                0x00000000000003ba       0x4c GameTask.o
                0x00000000000003ba                rtos::channel<int, 128>::read()
 .text._ZN4rtos7channelItLi128EE4readEv
                0x0000000000000406       0x4c GameTask.o
                0x0000000000000406                rtos::channel<unsigned short, 128>::read()
 *fill*         0x0000000000000452        0x2 
 .text._ZN5hwlib6stringILj200EEC2Ev
                0x0000000000000454       0x40 GameTask.o
                0x0000000000000454                hwlib::string<200u>::string()
                0x0000000000000454                hwlib::string<200u>::string()
 .text._ZN5hwlib11string_baseC2IA18_cEEjPcRKT_
                0x0000000000000494       0x3c GameTask.o
                0x0000000000000494                hwlib::string_base::string_base<char [18]>(unsigned int, char*, char const (&) [18])
                0x0000000000000494                hwlib::string_base::string_base<char [18]>(unsigned int, char*, char const (&) [18])
 .text._ZN5hwlib11string_baseC2IA12_cEEjPcRKT_
                0x00000000000004d0       0x3c GameTask.o
                0x00000000000004d0                hwlib::string_base::string_base<char [12]>(unsigned int, char*, char const (&) [12])
                0x00000000000004d0                hwlib::string_base::string_base<char [12]>(unsigned int, char*, char const (&) [12])
 .text._ZN5hwlib11string_baseC2IA13_cEEjPcRKT_
                0x000000000000050c       0x3c GameTask.o
                0x000000000000050c                hwlib::string_base::string_base<char [13]>(unsigned int, char*, char const (&) [13])
                0x000000000000050c                hwlib::string_base::string_base<char [13]>(unsigned int, char*, char const (&) [13])
 .text._ZN5hwlib11string_baseaSINS_6stringILj128EEEEERS0_RKT_
                0x0000000000000548       0x22 GameTask.o
                0x0000000000000548                hwlib::string_base& hwlib::string_base::operator=<hwlib::string<128u> >(hwlib::string<128u> const&)
 .text._ZN11DisplayTask16writeDisplayPoolILj64EEEvRN5hwlib6stringIXT_EEE
                0x000000000000056a       0x5a GameTask.o
                0x000000000000056a                void DisplayTask::writeDisplayPool<64u>(hwlib::string<64u>&)
 .text._ZN11DisplayTask16writeDisplayPoolILj20EEEvRN5hwlib6stringIXT_EEE
                0x00000000000005c4       0x5a GameTask.o
                0x00000000000005c4                void DisplayTask::writeDisplayPool<20u>(hwlib::string<20u>&)
 .text._ZN11DisplayTask16writeDisplayPoolILj200EEEvRN5hwlib6stringIXT_EEE
                0x000000000000061e       0x5a GameTask.o
                0x000000000000061e                void DisplayTask::writeDisplayPool<200u>(hwlib::string<200u>&)
 .text.startup._ZN8GameTask4mainEv
                0x0000000000000678      0x7e8 GameTask.o
                0x0000000000000678                GameTask::main()
 .text._ZN10IrDetector3getEv
                0x0000000000000e60       0x10 IrDetector.o
                0x0000000000000e60                IrDetector::get()
 .text._ZN7IrDiode7setHighEv
                0x0000000000000e70       0x1a IrDiode.o
                0x0000000000000e70                IrDiode::setHigh()
 .text._ZN7IrDiode6setLowEv
                0x0000000000000e8a       0x1a IrDiode.o
                0x0000000000000e8a                IrDiode::setLow()
 .text._ZN15RecIRMsgControl6recBitEbb
                0x0000000000000ea4       0x22 RecIRMsgControl.o
                0x0000000000000ea4                RecIRMsgControl::recBit(bool, bool)
 .text._ZN14RunGameControl11setGameTimeEj
                0x0000000000000ec6        0x4 RunGameControl.o
                0x0000000000000ec6                RunGameControl::setGameTime(unsigned int)
 .text._ZN14RunGameControl10reduceTimeEv
                0x0000000000000eca        0xe RunGameControl.o
                0x0000000000000eca                RunGameControl::reduceTime()
 .text._ZN14RunGameControl7getTimeEv
                0x0000000000000ed8        0x4 RunGameControl.o
                0x0000000000000ed8                RunGameControl::getTime()
 .text._ZN5hwlib11string_basepLINS_6stringILj32EEEEERS0_RKT_
                0x0000000000000edc       0x24 RunGameControl.o
                0x0000000000000edc                hwlib::string_base& hwlib::string_base::operator+=<hwlib::string<32u> >(hwlib::string<32u> const&)
 .text._ZN5hwlib11string_baseC2IPKcEEjPcRKT_
                0x0000000000000f00       0x32 RunGameControl.o
                0x0000000000000f00                hwlib::string_base::string_base<char const*>(unsigned int, char*, char const* const&)
                0x0000000000000f00                hwlib::string_base::string_base<char const*>(unsigned int, char*, char const* const&)
 *fill*         0x0000000000000f32        0x2 
 .text._ZN14RunGameControl9toDisplayERN5hwlib6stringILj200EEE
                0x0000000000000f34       0x7c RunGameControl.o
                0x0000000000000f34                RunGameControl::toDisplay(hwlib::string<200u>&)
 .text._ZN8SendTask10setComFlagEv
                0x0000000000000fb0        0xa SendTask.o
                0x0000000000000fb0                SendTask::setComFlag()
 .text._ZN8SendTask12writeComPoolEt
                0x0000000000000fba        0xe SendTask.o
                0x0000000000000fba                SendTask::writeComPool(unsigned short)
 .text._ZN8SendTask8checkSumEv
                0x0000000000000fc8        0x2 SendTask.o
                0x0000000000000fc8                SendTask::checkSum()
 .text._ZN5hwlib7ostream7reverse10add_prefixERKS0_.part.2
                0x0000000000000fca       0x4c TransferHitsControl.o
 .text._ZN5hwlib7ostreamlsEc
                0x0000000000001016        0xe TransferHitsControl.o
                0x0000000000001016                hwlib::ostream::operator<<(char)
 .text._ZN5hwliblsERNS_7ostreamEi
                0x0000000000001024       0x92 TransferHitsControl.o
                0x0000000000001024                hwlib::operator<<(hwlib::ostream&, int)
 .text._ZN5hwliblsERNS_7ostreamEx
                0x00000000000010b6       0xc4 TransferHitsControl.o
                0x00000000000010b6                hwlib::operator<<(hwlib::ostream&, long long)
 *fill*         0x000000000000117a        0x2 
 .text._ZN19TransferHitsControl12exportPlayerEv
                0x000000000000117c       0xf0 TransferHitsControl.o
                0x000000000000117c                TransferHitsControl::exportPlayer()
 .text          0x000000000000126c       0x24 switch_to.o
                0x000000000000126c                switch_from_to
 .text._ZN4rtos8callback6cancelEv
                0x0000000000001290        0xa rtos.o
                0x0000000000001290                rtos::callback::cancel()
 .text._ZN5hwliblsERNS_7ostreamEj
                0x000000000000129a        0xc rtos.o
                0x000000000000129a                hwlib::operator<<(hwlib::ostream&, unsigned int)
 .text._Z6strlenPKc
                0x00000000000012a6       0x10 rtos.o
                0x00000000000012a6                strlen(char const*)
 .text._Z6strcpyPcPKc
                0x00000000000012b6       0x14 rtos.o
                0x00000000000012b6                strcpy(char*, char const*)
 .text._Z15string_allocatePKc
                0x00000000000012ca       0x26 rtos.o
                0x00000000000012ca                string_allocate(char const*)
 .text._Z12nr_from_maskj
                0x00000000000012f0       0x1a rtos.o
                0x00000000000012f0                nr_from_mask(unsigned int)
 *fill*         0x000000000000130a        0x2 
 .text._Z15task_trampolinev
                0x000000000000130c       0x34 rtos.o
                0x000000000000130c                task_trampoline()
 .text._ZN4rtos9task_base7releaseEv
                0x0000000000001340       0x24 rtos.o
                0x0000000000001340                rtos::task_base::release()
 .text._ZN4rtos9task_base7suspendEv
                0x0000000000001364        0x8 rtos.o
                0x0000000000001364                rtos::task_base::suspend()
 .text._ZN4rtos9task_base6resumeEv
                0x000000000000136c        0x8 rtos.o
                0x000000000000136c                rtos::task_base::resume()
 .text._ZN4rtos9task_base7unblockEv
                0x0000000000001374       0x14 rtos.o
                0x0000000000001374                rtos::task_base::unblock()
 .text._ZN4rtos9task_base5blockEv
                0x0000000000001388       0x70 rtos.o
                0x0000000000001388                rtos::task_base::block()
 .text._ZNK4rtos9task_base5printERN5hwlib7ostreamEb
                0x00000000000013f8      0x154 rtos.o
                0x00000000000013f8                rtos::task_base::print(hwlib::ostream&, bool) const
 .text._ZNK4rtos5eventeqERKS0_
                0x000000000000154c       0x3c rtos.o
                0x000000000000154c                rtos::event::operator==(rtos::event const&) const
 .text._ZNK4rtos5eventeqERKNS_8waitableE
                0x0000000000001588       0x1c rtos.o
                0x0000000000001588                rtos::event::operator==(rtos::waitable const&) const
 .text._ZNK4rtos5eventplERKS0_
                0x00000000000015a4       0x3c rtos.o
                0x00000000000015a4                rtos::event::operator+(rtos::event const&) const
 .text._ZNK4rtos4flag5printERN5hwlib7ostreamEb
                0x00000000000015e0       0xcc rtos.o
                0x00000000000015e0                rtos::flag::print(hwlib::ostream&, bool) const
 .text._ZN4rtos5timer3setEm
                0x00000000000016ac        0xe rtos.o
                0x00000000000016ac                rtos::timer::set(unsigned long)
 *fill*         0x00000000000016ba        0x2 
 .text._ZNK4rtos5timer5printERN5hwlib7ostreamEb
                0x00000000000016bc       0xd0 rtos.o
                0x00000000000016bc                rtos::timer::print(hwlib::ostream&, bool) const
 .text._ZNK4rtos5clock5printERN5hwlib7ostreamEb
                0x000000000000178c       0xd4 rtos.o
                0x000000000000178c                rtos::clock::print(hwlib::ostream&, bool) const
 .text._ZN4rtos12waitable_set17waitable_allocateEv
                0x0000000000001860       0x38 rtos.o
                0x0000000000001860                rtos::waitable_set::waitable_allocate()
 .text._ZN4rtos8waitableC2EPNS_9task_baseEPKc
                0x0000000000001898       0x2c rtos.o
                0x0000000000001898                rtos::waitable::waitable(rtos::task_base*, char const*)
                0x0000000000001898                rtos::waitable::waitable(rtos::task_base*, char const*)
 .text._ZN4rtos12waitable_set3setERKNS_8waitableE
                0x00000000000018c4       0x14 rtos.o
                0x00000000000018c4                rtos::waitable_set::set(rtos::waitable const&)
 .text._ZN4rtos5clock7time_upEv
                0x00000000000018d8       0x38 rtos.o
                0x00000000000018d8                rtos::clock::time_up()
 .text._ZThn16_N4rtos5clock7time_upEv
                0x0000000000001910        0x8 rtos.o
                0x0000000000001910                non-virtual thunk to rtos::clock::time_up()
 .text._ZN4rtos5timer7time_upEv
                0x0000000000001918       0x10 rtos.o
                0x0000000000001918                rtos::timer::time_up()
                0x0000000000001922                non-virtual thunk to rtos::timer::time_up()
 .text._ZN4rtos4flag3setEv
                0x0000000000001928       0x10 rtos.o
                0x0000000000001928                rtos::flag::set()
 .text._ZN4rtos12waitable_set5clearERKNS_8waitableE
                0x0000000000001938        0xc rtos.o
                0x0000000000001938                rtos::waitable_set::clear(rtos::waitable const&)
 .text._ZN4rtos8waitable5clearEv
                0x0000000000001944        0xa rtos.o
                0x0000000000001944                rtos::waitable::clear()
 .text._ZN4rtos5timer6cancelEv
                0x000000000000194e       0x16 rtos.o
                0x000000000000194e                rtos::timer::cancel()
 .text._ZThn16_N4rtos5timer6cancelEv
                0x0000000000001964        0x8 rtos.o
                0x0000000000001964                non-virtual thunk to rtos::timer::cancel()
 .text._ZN4rtos5clock5clearEv
                0x000000000000196c        0x8 rtos.o
                0x000000000000196c                rtos::clock::clear()
 .text._ZN4rtos12waitable_set4waitEj
                0x0000000000001974       0x64 rtos.o
                0x0000000000001974                rtos::waitable_set::wait(unsigned int)
 .text._ZNK4rtos5mutex5printERN5hwlib7ostreamEb
                0x00000000000019d8       0xec rtos.o
                0x00000000000019d8                rtos::mutex::print(hwlib::ostream&, bool) const
 .text._ZNK4rtos12channel_base5printERN5hwlib7ostreamEb
                0x0000000000001ac4       0xe0 rtos.o
                0x0000000000001ac4                rtos::channel_base::print(hwlib::ostream&, bool) const
 .text._ZNK4rtos9pool_base5printERN5hwlib7ostreamEb
                0x0000000000001ba4       0x78 rtos.o
                0x0000000000001ba4                rtos::pool_base::print(hwlib::ostream&, bool) const
 .text._ZNK4rtos12mailbox_base5printERN5hwlib7ostreamEb
                0x0000000000001c1c       0xc4 rtos.o
                0x0000000000001c1c                rtos::mailbox_base::print(hwlib::ostream&, bool) const
 .text._ZlsRN5hwlib7ostreamERKN4rtos9task_baseE
                0x0000000000001ce0       0x12 rtos.o
                0x0000000000001ce0                operator<<(hwlib::ostream&, rtos::task_base const&)
 *fill*         0x0000000000001cf2        0x2 
 .text._ZN4rtos3addEPNS_4flagE
                0x0000000000001cf4       0x10 rtos.o
                0x0000000000001cf4                rtos::add(rtos::flag*)
 .text._ZN4rtos4flagC2EPNS_9task_baseEPKc
                0x0000000000001d04       0x20 rtos.o
                0x0000000000001d04                rtos::flag::flag(rtos::task_base*, char const*)
                0x0000000000001d04                rtos::flag::flag(rtos::task_base*, char const*)
 .text._ZN4rtos3addEPNS_5timerE
                0x0000000000001d24       0x10 rtos.o
                0x0000000000001d24                rtos::add(rtos::timer*)
 .text._ZN4rtos3addEPNS_5clockE
                0x0000000000001d34       0x10 rtos.o
                0x0000000000001d34                rtos::add(rtos::clock*)
 .text._ZN4rtos3addEPNS_12channel_baseE
                0x0000000000001d44       0x10 rtos.o
                0x0000000000001d44                rtos::add(rtos::channel_base*)
 .text._ZN4rtos12channel_baseC2EPNS_9task_baseEPKc
                0x0000000000001d54       0x30 rtos.o
                0x0000000000001d54                rtos::channel_base::channel_base(rtos::task_base*, char const*)
                0x0000000000001d54                rtos::channel_base::channel_base(rtos::task_base*, char const*)
 .text._ZN4rtos3addEPNS_9pool_baseE
                0x0000000000001d84       0x10 rtos.o
                0x0000000000001d84                rtos::add(rtos::pool_base*)
 .text._ZN4rtos9pool_baseC2EPKc
                0x0000000000001d94       0x1a rtos.o
                0x0000000000001d94                rtos::pool_base::pool_base(char const*)
                0x0000000000001d94                rtos::pool_base::pool_base(char const*)
 *fill*         0x0000000000001dae        0x2 
 .text._ZN4rtos5printERN5hwlib7ostreamE
                0x0000000000001db0      0x1b4 rtos.o
                0x0000000000001db0                rtos::print(hwlib::ostream&)
 .text._ZN4rtos4beatEv
                0x0000000000001f64      0x148 rtos.o
                0x0000000000001f64                rtos::beat()
 .text._ZN4rtos3runEv
                0x00000000000020ac       0x3c rtos.o
                0x00000000000020ac                rtos::run()
 .text._ZN4rtos3addEPNS_8callbackE
                0x00000000000020e8       0x10 rtos.o
                0x00000000000020e8                rtos::add(rtos::callback*)
 .text._ZN4rtos8callbackC2EPKc
                0x00000000000020f8       0x28 rtos.o
                0x00000000000020f8                rtos::callback::callback(char const*)
                0x00000000000020f8                rtos::callback::callback(char const*)
 .text._ZN4rtos5timerC2EPNS_9task_baseEPKc
                0x0000000000002120       0x34 rtos.o
                0x0000000000002120                rtos::timer::timer(rtos::task_base*, char const*)
                0x0000000000002120                rtos::timer::timer(rtos::task_base*, char const*)
 .text._ZN4rtos5clockC2EPNS_9task_baseEmPKc
                0x0000000000002154       0x3c rtos.o
                0x0000000000002154                rtos::clock::clock(rtos::task_base*, unsigned long, char const*)
                0x0000000000002154                rtos::clock::clock(rtos::task_base*, unsigned long, char const*)
 .text._ZN4rtos3addEPNS_9task_baseE
                0x0000000000002190       0x74 rtos.o
                0x0000000000002190                rtos::add(rtos::task_base*)
 .text._ZN4rtos9task_baseC2ER9coroutineILl0EEjPKc
                0x0000000000002204       0x4c rtos.o
                0x0000000000002204                rtos::task_base::task_base(coroutine<0l>&, unsigned int, char const*)
                0x0000000000002204                rtos::task_base::task_base(coroutine<0l>&, unsigned int, char const*)
 .text._ZN5hwlib7wait_usEi
                0x0000000000002250       0x3c rtos.o
                0x0000000000002250                hwlib::wait_us(int)
 .text._ZN5hwlib7wait_msEi
                0x000000000000228c       0x16 rtos.o
                0x000000000000228c                hwlib::wait_ms(int)
 .text._ZN5hwlib14pin_in_dummy_t4readEv
                0x00000000000022a2        0x4 hwlib.o
                0x00000000000022a2                hwlib::pin_in_dummy_t::read()
 .text._ZN5hwlib14pin_in_dummy_t7refreshEv
                0x00000000000022a6        0x2 hwlib.o
                0x00000000000022a6                hwlib::pin_in_dummy_t::refresh()
 .text._ZN5hwlib14pin_oc_dummy_t5writeEb
                0x00000000000022a8        0x2 hwlib.o
                0x00000000000022a8                hwlib::pin_oc_dummy_t::write(bool)
 .text._ZN5hwlib14pin_oc_dummy_t4readEv
                0x00000000000022aa        0x4 hwlib.o
                0x00000000000022aa                hwlib::pin_oc_dummy_t::read()
 .text._ZN5hwlib14pin_oc_dummy_t5flushEv
                0x00000000000022ae        0x2 hwlib.o
                0x00000000000022ae                hwlib::pin_oc_dummy_t::flush()
 .text._ZN5hwlib14pin_oc_dummy_t7refreshEv
                0x00000000000022b0        0x2 hwlib.o
                0x00000000000022b0                hwlib::pin_oc_dummy_t::refresh()
 .text._ZN5hwlib19port_in_from_pins_t14number_of_pinsEv
                0x00000000000022b2        0x4 hwlib.o
                0x00000000000022b2                hwlib::port_in_from_pins_t::number_of_pins()
 .text._ZN5hwlib19port_in_from_pins_t4readEv
                0x00000000000022b6       0x2a hwlib.o
                0x00000000000022b6                hwlib::port_in_from_pins_t::read()
 .text._ZN5hwlib19port_in_from_pins_t7refreshEv
                0x00000000000022e0       0x20 hwlib.o
                0x00000000000022e0                hwlib::port_in_from_pins_t::refresh()
 .text._ZN5hwlib19port_oc_from_pins_t14number_of_pinsEv
                0x0000000000002300        0x4 hwlib.o
                0x0000000000002300                hwlib::port_oc_from_pins_t::number_of_pins()
 .text._ZN5hwlib19port_oc_from_pins_t4readEv
                0x0000000000002304       0x2a hwlib.o
                0x0000000000002304                hwlib::port_oc_from_pins_t::read()
 .text._ZN5hwlib19port_oc_from_pins_t5writeEj
                0x000000000000232e       0x28 hwlib.o
                0x000000000000232e                hwlib::port_oc_from_pins_t::write(unsigned int)
 .text._ZN5hwlib19port_oc_from_pins_t7refreshEv
                0x0000000000002356       0x20 hwlib.o
                0x0000000000002356                hwlib::port_oc_from_pins_t::refresh()
 .text._ZN5hwlib19port_oc_from_pins_t5flushEv
                0x0000000000002376       0x20 hwlib.o
                0x0000000000002376                hwlib::port_oc_from_pins_t::flush()
 .text._ZN5hwlib21port_direct_from_in_t14number_of_pinsEv
                0x0000000000002396        0x8 hwlib.o
                0x0000000000002396                hwlib::port_direct_from_in_t::number_of_pins()
 .text._ZN5hwlib21port_direct_from_in_t4readEv
                0x000000000000239e       0x18 hwlib.o
                0x000000000000239e                hwlib::port_direct_from_in_t::read()
 .text._ZN5hwlib21port_direct_from_in_t7refreshEv
                0x00000000000023b6        0x2 hwlib.o
                0x00000000000023b6                hwlib::port_direct_from_in_t::refresh()
 .text._ZN5hwlib21port_direct_from_oc_t14number_of_pinsEv
                0x00000000000023b8        0x8 hwlib.o
                0x00000000000023b8                hwlib::port_direct_from_oc_t::number_of_pins()
 .text._ZN5hwlib21port_direct_from_oc_t5writeEj
                0x00000000000023c0       0x18 hwlib.o
                0x00000000000023c0                hwlib::port_direct_from_oc_t::write(unsigned int)
 .text._ZN5hwlib21port_direct_from_oc_t4readEv
                0x00000000000023d8       0x18 hwlib.o
                0x00000000000023d8                hwlib::port_direct_from_oc_t::read()
 .text._ZN5hwlib21port_direct_from_oc_t5flushEv
                0x00000000000023f0        0x2 hwlib.o
                0x00000000000023f0                hwlib::port_direct_from_oc_t::flush()
 .text._ZN5hwlib21port_direct_from_oc_t7refreshEv
                0x00000000000023f2        0x2 hwlib.o
                0x00000000000023f2                hwlib::port_direct_from_oc_t::refresh()
 .text._ZN5hwlib7istream11getc_nowaitEv
                0x00000000000023f4       0x1a hwlib.o
                0x00000000000023f4                hwlib::istream::getc_nowait()
 .text._ZN5hwlib20cout_using_uart_putc5flushEv
                0x000000000000240e        0x2 hwlib.o
                0x000000000000240e                hwlib::cout_using_uart_putc::flush()
 .text._ZNK5hwlib9image_8x819read_implementationENS_2xyE
                0x0000000000002410       0x44 hwlib.o
                0x0000000000002410                hwlib::image_8x8::read_implementation(hwlib::xy) const
 .text._ZN5hwlib6window20clear_implementationENS_5colorE
                0x0000000000002454       0x72 hwlib.o
                0x0000000000002454                hwlib::window::clear_implementation(hwlib::color)
 .text._ZN5hwlib6window5clearENS_5colorE
                0x00000000000024c6       0x56 hwlib.o
                0x00000000000024c6                hwlib::window::clear(hwlib::color)
 .text._ZN5hwlib5panicEPKcj
                0x000000000000251c        0x2 hwlib.o
                0x000000000000251c                hwlib::panic(char const*, unsigned int)
 *fill*         0x000000000000251e        0x2 
 .text._ZN5hwlib10background18do_background_workEv
                0x0000000000002520       0x3c hwlib.o
                0x0000000000002520                hwlib::background::do_background_work()
 .text._ZN5hwlib3allENS_2xyE
                0x000000000000255c       0x16 hwlib.o
                0x000000000000255c                hwlib::all(hwlib::xy)
 .text._ZNK5hwlib5colorngEv
                0x0000000000002572       0x2e hwlib.o
                0x0000000000002572                hwlib::color::operator-() const
 .text._ZN5hwlib12port_in_fromERNS_6pin_inES1_S1_S1_S1_S1_S1_S1_S1_S1_S1_S1_S1_S1_S1_S1_
                0x00000000000025a0       0x68 hwlib.o
                0x00000000000025a0                hwlib::port_in_from(hwlib::pin_in&, hwlib::pin_in&, hwlib::pin_in&, hwlib::pin_in&, hwlib::pin_in&, hwlib::pin_in&, hwlib::pin_in&, hwlib::pin_in&, hwlib::pin_in&, hwlib::pin_in&, hwlib::pin_in&, hwlib::pin_in&, hwlib::pin_in&, hwlib::pin_in&, hwlib::pin_in&, hwlib::pin_in&)
 .text._ZN5hwlib12port_oc_fromERNS_6pin_ocES1_S1_S1_S1_S1_S1_S1_S1_S1_S1_S1_S1_S1_S1_S1_
                0x0000000000002608       0x68 hwlib.o
                0x0000000000002608                hwlib::port_oc_from(hwlib::pin_oc&, hwlib::pin_oc&, hwlib::pin_oc&, hwlib::pin_oc&, hwlib::pin_oc&, hwlib::pin_oc&, hwlib::pin_oc&, hwlib::pin_oc&, hwlib::pin_oc&, hwlib::pin_oc&, hwlib::pin_oc&, hwlib::pin_oc&, hwlib::pin_oc&, hwlib::pin_oc&, hwlib::pin_oc&, hwlib::pin_oc&)
 .text._ZNK5hwlib5image4readENS_2xyE
                0x0000000000002670       0x3a hwlib.o
                0x0000000000002670                hwlib::image::read(hwlib::xy) const
 .text._ZNK5hwlib14image_invert_t19read_implementationENS_2xyE
                0x00000000000026aa       0x64 hwlib.o
                0x00000000000026aa                hwlib::image_invert_t::read_implementation(hwlib::xy) const
 *fill*         0x000000000000270e        0x2 
 .text._ZN5hwlib6invertERKNS_5imageE
                0x0000000000002710       0x18 hwlib.o
                0x0000000000002710                hwlib::invert(hwlib::image const&)
 .text._ZN3due9uart_initEv
                0x0000000000002728       0x60 hwlib.o
                0x0000000000002728                due::uart_init()
 .text._ZN3due9uart_putcEc
                0x0000000000002788       0x20 hwlib.o
                0x0000000000002788                due::uart_putc(char)
 .text._ZN5hwlib20cout_using_uart_putc4putcEc
                0x00000000000027a8        0xa hwlib.o
                0x00000000000027a8                hwlib::cout_using_uart_putc::putc(char)
 .text._ZN5hwlib6now_usEv
                0x00000000000027b2       0x1c hwlib.o
                0x00000000000027b2                hwlib::now_us()
 .text._ZN5hwlib12wait_us_busyEi
                0x00000000000027ce       0x1c hwlib.o
                0x00000000000027ce                hwlib::wait_us_busy(int)
 .text._ZN5hwlib8terminal10cursor_setENS_2xyE
                0x00000000000027ea       0x28 main.o
                0x00000000000027ea                hwlib::terminal::cursor_set(hwlib::xy)
 .text._ZN5hwlib14i2c_primitives8read_ackEv
                0x0000000000002812       0x10 main.o
                0x0000000000002812                hwlib::i2c_primitives::read_ack()
 .text._ZN5hwlib14i2c_primitives9write_ackEv
                0x0000000000002822        0x8 main.o
                0x0000000000002822                hwlib::i2c_primitives::write_ack()
 .text._ZN5hwlib14i2c_primitives10write_nackEv
                0x000000000000282a        0x8 main.o
                0x000000000000282a                hwlib::i2c_primitives::write_nack()
 .text._ZN5hwlib14i2c_primitives5writeEh
                0x0000000000002832       0x1c main.o
                0x0000000000002832                hwlib::i2c_primitives::write(unsigned char)
 .text._ZN5hwlib14i2c_primitives5writeEPKhj
                0x000000000000284e       0x24 main.o
                0x000000000000284e                hwlib::i2c_primitives::write(unsigned char const*, unsigned int)
 .text._ZN5hwlib14i2c_primitives9read_byteEv
                0x0000000000002872       0x20 main.o
                0x0000000000002872                hwlib::i2c_primitives::read_byte()
 .text._ZN5hwlib14i2c_primitives4readEbPhj
                0x0000000000002892       0x36 main.o
                0x0000000000002892                hwlib::i2c_primitives::read(bool, unsigned char*, unsigned int)
 .text._ZN5hwlib13terminal_from25cursor_set_implementationENS_2xyE
                0x00000000000028c8       0x28 main.o
                0x00000000000028c8                hwlib::terminal_from::cursor_set_implementation(hwlib::xy)
 .text._ZN5hwlib13terminal_from5clearEv
                0x00000000000028f0       0x30 main.o
                0x00000000000028f0                hwlib::terminal_from::clear()
 .text._ZN5hwlib13terminal_from5flushEv
                0x0000000000002920        0x8 main.o
                0x0000000000002920                hwlib::terminal_from::flush()
 .text._ZNK5hwlib16font_default_8x8ixEc
                0x0000000000002928       0x14 main.o
                0x0000000000002928                hwlib::font_default_8x8::operator[](char) const
 .text._ZN5hwlib29glcd_oled_i2c_128x64_buffered20write_implementationENS_2xyENS_5colorE
                0x000000000000293c       0x64 main.o
                0x000000000000293c                hwlib::glcd_oled_i2c_128x64_buffered::write_implementation(hwlib::xy, hwlib::color)
 .text._ZN3due6pin_in4readEv
                0x00000000000029a0       0x10 main.o
                0x00000000000029a0                due::pin_in::read()
 .text._ZN3due6pin_in7refreshEv
                0x00000000000029b0        0x2 main.o
                0x00000000000029b0                due::pin_in::refresh()
 .text._ZN3due7pin_out5writeEb
                0x00000000000029b2        0xe main.o
                0x00000000000029b2                due::pin_out::write(bool)
 .text._ZN3due7pin_out5flushEv
                0x00000000000029c0        0x2 main.o
                0x00000000000029c0                due::pin_out::flush()
 .text._ZN3due6pin_oc4readEv
                0x00000000000029c2       0x10 main.o
                0x00000000000029c2                due::pin_oc::read()
 .text._ZN3due6pin_oc5writeEb
                0x00000000000029d2       0x10 main.o
                0x00000000000029d2                due::pin_oc::write(bool)
 .text._ZN3due6pin_oc5flushEv
                0x00000000000029e2        0x2 main.o
                0x00000000000029e2                due::pin_oc::flush()
 .text._ZN3due6pin_oc7refreshEv
                0x00000000000029e4        0x2 main.o
                0x00000000000029e4                due::pin_oc::refresh()
 *fill*         0x00000000000029e6        0x2 
 .text._ZN3due8d2_36kHz5writeEb
                0x00000000000029e8       0x18 main.o
                0x00000000000029e8                due::d2_36kHz::write(bool)
 .text._ZN3due8d2_36kHz5flushEv
                0x0000000000002a00        0x2 main.o
                0x0000000000002a00                due::d2_36kHz::flush()
 .text._ZN5hwlib6keypadILi16EE4getcEv
                0x0000000000002a02       0x24 main.o
                0x0000000000002a02                hwlib::keypad<16>::getc()
 .text.startup._ZN11DisplayTask4mainEv
                0x0000000000002a26       0x42 main.o
                0x0000000000002a26                DisplayTask::main()
 .text._ZN4rtos7channelIiLi128EE5clearEv
                0x0000000000002a68       0x10 main.o
                0x0000000000002a68                rtos::channel<int, 128>::clear()
 .text._ZN4rtos7channelItLi128EE5clearEv
                0x0000000000002a78       0x10 main.o
                0x0000000000002a78                rtos::channel<unsigned short, 128>::clear()
 .text._ZN5hwlib8terminal4putcEc
                0x0000000000002a88       0xde main.o
                0x0000000000002a88                hwlib::terminal::putc(char)
 .text._ZN5hwlib26i2c_bus_bit_banged_scl_sda16wait_half_periodEv.isra.7
                0x0000000000002b66        0x6 main.o
 .text._ZN5hwlib26i2c_bus_bit_banged_scl_sda11write_startEv
                0x0000000000002b6c       0x34 main.o
                0x0000000000002b6c                hwlib::i2c_bus_bit_banged_scl_sda::write_start()
 .text._ZN5hwlib26i2c_bus_bit_banged_scl_sda10write_stopEv
                0x0000000000002ba0       0x60 main.o
                0x0000000000002ba0                hwlib::i2c_bus_bit_banged_scl_sda::write_stop()
 .text._ZN5hwlib26i2c_bus_bit_banged_scl_sda9write_bitEb
                0x0000000000002c00       0x52 main.o
                0x0000000000002c00                hwlib::i2c_bus_bit_banged_scl_sda::write_bit(bool)
 .text._ZN5hwlib26i2c_bus_bit_banged_scl_sda8read_bitEv
                0x0000000000002c52       0x68 main.o
                0x0000000000002c52                hwlib::i2c_bus_bit_banged_scl_sda::read_bit()
 .text.startup._ZN11ReceiveTask4mainEv
                0x0000000000002cba       0xda main.o
                0x0000000000002cba                ReceiveTask::main()
 .text._ZN5hwlib13xy_iterator_tppEv
                0x0000000000002d94       0x18 main.o
                0x0000000000002d94                hwlib::xy_iterator_t::operator++()
 .text._ZN5hwlib13terminal_from19putc_implementationEc
                0x0000000000002dac      0x102 main.o
                0x0000000000002dac                hwlib::terminal_from::putc_implementation(char)
 *fill*         0x0000000000002eae        0x2 
 .text.startup._ZN10BuzzerTask4mainEv
                0x0000000000002eb0      0x140 main.o
                0x0000000000002eb0                BuzzerTask::main()
 .text.startup._ZN8SendTask4mainEv
                0x0000000000002ff0       0xd4 main.o
                0x0000000000002ff0                SendTask::main()
 .text._ZN5hwlib21i2c_write_transactionC2ERNS_14i2c_primitivesEj
                0x00000000000030c4       0x24 main.o
                0x00000000000030c4                hwlib::i2c_write_transaction::i2c_write_transaction(hwlib::i2c_primitives&, unsigned int)
                0x00000000000030c4                hwlib::i2c_write_transaction::i2c_write_transaction(hwlib::i2c_primitives&, unsigned int)
 .text._ZN5hwlib21i2c_write_transaction5writeEPKhj
                0x00000000000030e8        0x8 main.o
                0x00000000000030e8                hwlib::i2c_write_transaction::write(unsigned char const*, unsigned int)
 .text._ZN5hwlib21i2c_write_transactionD2Ev
                0x00000000000030f0       0x18 main.o
                0x00000000000030f0                hwlib::i2c_write_transaction::~i2c_write_transaction()
                0x00000000000030f0                hwlib::i2c_write_transaction::~i2c_write_transaction()
 .text._ZN5hwlib11ssd1306_i2c7commandENS_16ssd1306_commandsEhh
                0x0000000000003108       0x3c main.o
                0x0000000000003108                hwlib::ssd1306_i2c::command(hwlib::ssd1306_commands, unsigned char, unsigned char)
 .text._ZN5hwlib29glcd_oled_i2c_128x64_buffered5flushEv
                0x0000000000003144       0x58 main.o
                0x0000000000003144                hwlib::glcd_oled_i2c_128x64_buffered::flush()
 .text._ZN3due6pin_inC2ENS_4pinsE
                0x000000000000319c       0x34 main.o
                0x000000000000319c                due::pin_in::pin_in(due::pins)
                0x000000000000319c                due::pin_in::pin_in(due::pins)
 .text._ZN3due6pin_ocC2ENS_4pinsE
                0x00000000000031d0       0x34 main.o
                0x00000000000031d0                due::pin_oc::pin_oc(due::pins)
                0x00000000000031d0                due::pin_oc::pin_oc(due::pins)
 .text._ZN4rtos8callbackD2Ev
                0x0000000000003204       0x30 main.o
                0x0000000000003204                rtos::callback::~callback()
                0x0000000000003204                rtos::callback::~callback()
 .text._ZN4rtos5timerD2Ev
                0x0000000000003234       0x14 main.o
                0x0000000000003234                rtos::timer::~timer()
                0x0000000000003234                rtos::timer::~timer()
 .text._ZN4rtos9task_baseD2Ev
                0x0000000000003248       0x30 main.o
                0x0000000000003248                rtos::task_base::~task_base()
                0x0000000000003248                rtos::task_base::~task_base()
 .text._ZN4rtos4taskILi4096EEC2EjPKc
                0x0000000000003278       0x54 main.o
                0x0000000000003278                rtos::task<4096>::task(unsigned int, char const*)
                0x0000000000003278                rtos::task<4096>::task(unsigned int, char const*)
 .text._ZN5hwlib6stringILj32EEC2IA10_cEERKT_
                0x00000000000032cc       0x3a main.o
                0x00000000000032cc                hwlib::string<32u>::string<char [10]>(char const (&) [10])
                0x00000000000032cc                hwlib::string<32u>::string<char [10]>(char const (&) [10])
 .text._ZN5hwlib11string_baseC2IA1_cEEjPcRKT_
                0x0000000000003306       0x3c main.o
                0x0000000000003306                hwlib::string_base::string_base<char [1]>(unsigned int, char*, char const (&) [1])
                0x0000000000003306                hwlib::string_base::string_base<char [1]>(unsigned int, char*, char const (&) [1])
 *fill*         0x0000000000003342        0x2 
 .text._ZN11DisplayTaskC2ERN3due6pin_ocES2_
                0x0000000000003344      0x210 main.o
                0x0000000000003344                DisplayTask::DisplayTask(due::pin_oc&, due::pin_oc&)
                0x0000000000003344                DisplayTask::DisplayTask(due::pin_oc&, due::pin_oc&)
 .text.startup.main
                0x0000000000003554      0x8a0 main.o
                0x0000000000003554                main
 .text._ZN5hwlib6keypadILi16EE7pressedEv
                0x0000000000003df4       0x78 main.o
                0x0000000000003df4                hwlib::keypad<16>::pressed()
 .text._ZN5hwlib6keypadILi16EE14char_availableEv
                0x0000000000003e6c       0x4a main.o
                0x0000000000003e6c                hwlib::keypad<16>::char_available()
 .text._ZN8KeyboardILj1EE6updateEv
                0x0000000000003eb6       0x92 main.o
                0x0000000000003eb6                Keyboard<1u>::update()
 .text.startup._ZN17HardwareInputTaskILj1EE4mainEv
                0x0000000000003f48       0x48 main.o
                0x0000000000003f48                HardwareInputTask<1u>::main()
 .text.__startup
                0x0000000000003f90       0x48 bmptk_cortex.o
                0x0000000000003f90                __startup
 .text.__cxa_pure_virtual
                0x0000000000003fd8        0x2 bmptk_cortex.o
                0x0000000000003fd8                __cxa_pure_virtual
 *fill*         0x0000000000003fda        0x2 
 .text.malloc   0x0000000000003fdc       0x24 bmptk_heap_bmptk.o
                0x0000000000003fdc                malloc
 .text          0x0000000000004000       0xa0 /usr/bin/../lib/gcc/arm-none-eabi/7.3.1/thumb/v7-m/libgcc.a(_aeabi_ldivmod.o)
                0x0000000000004000                __aeabi_ldivmod
 .text          0x00000000000040a0       0x30 /usr/bin/../lib/gcc/arm-none-eabi/7.3.1/thumb/v7-m/libgcc.a(_aeabi_uldivmod.o)
                0x00000000000040a0                __aeabi_uldivmod
 .text          0x00000000000040d0      0x2d0 /usr/bin/../lib/gcc/arm-none-eabi/7.3.1/thumb/v7-m/libgcc.a(_udivmoddi4.o)
                0x00000000000040d0                __udivmoddi4
 .text          0x00000000000043a0        0x4 /usr/bin/../lib/gcc/arm-none-eabi/7.3.1/thumb/v7-m/libgcc.a(_dvmd_tls.o)
                0x00000000000043a0                __aeabi_ldiv0
 .text          0x00000000000043a4       0xec /usr/bin/../lib/gcc/arm-none-eabi/7.3.1/../../../../arm-none-eabi/lib/thumb/v7-m/libc.a(lib_a-memcpy.o)
                0x00000000000043a4                memcpy
 .text.memset   0x0000000000004490       0x94 /usr/bin/../lib/gcc/arm-none-eabi/7.3.1/../../../../arm-none-eabi/lib/thumb/v7-m/libc.a(lib_a-memset.o)
                0x0000000000004490                memset
                0x0000000000004524                . = ALIGN (0x4)
 *(.glue_7t .glue_7)
 .glue_7        0x0000000000004524        0x0 linker stubs
 .glue_7t       0x0000000000004524        0x0 linker stubs
                0x0000000000004524                . = ALIGN (0x4)
 *(.rodata .rodata.* .gnu.linkonce.r.*)
 .rodata._ZN3due8pin_infoENS_4pinsE.str1.1
                0x0000000000004524       0x44 Buzzer.o
 .rodata._ZZN3due8pin_infoENS_4pinsEE14pin_info_array
                0x0000000000004568       0xa4 Buzzer.o
 .rodata._ZN5hwlibL11unspecifiedE
                0x000000000000460c        0x4 Display.o
 .rodata._ZN4rtos7channelIiLi128EE4readEv.part.9.str1.1
                0x0000000000004610       0x32 GameTask.o
                                         0x34 (size before relaxing)
 .rodata._ZN5hwlib6stringILj200EEC2Ev.str1.1
                0x0000000000004642       0x32 GameTask.o
                                          0x1 (size before relaxing)
 .rodata._ZN8GameTask4mainEv.str1.1
                0x0000000000004642       0xae GameTask.o
 .rodata._ZTV8GameTask
                0x00000000000046f0       0x24 GameTask.o
                0x00000000000046f0                vtable for GameTask
 .rodata._ZN14RunGameControl9toDisplayERN5hwlib6stringILj200EEE.str1.1
                0x0000000000004714       0x20 RunGameControl.o
 .rodata._ZN19TransferHitsControl12exportPlayerEv.str1.1
                0x0000000000004734       0x52 TransferHitsControl.o
                                         0x56 (size before relaxing)
 *fill*         0x0000000000004786        0x2 
 .rodata._ZTVN4rtos8waitableE
                0x0000000000004788        0xc rtos.o
                0x0000000000004788                vtable for rtos::waitable
 .rodata._ZTVN4rtos4flagE
                0x0000000000004794        0xc rtos.o
                0x0000000000004794                vtable for rtos::flag
 .rodata._ZTVN4rtos8callbackE
                0x00000000000047a0       0x10 rtos.o
                0x00000000000047a0                vtable for rtos::callback
 .rodata._ZTVN4rtos12channel_baseE
                0x00000000000047b0        0xc rtos.o
                0x00000000000047b0                vtable for rtos::channel_base
 .rodata._Z15task_trampolinev.str1.1
                0x00000000000047bc       0x2e rtos.o
 .rodata._ZN4rtos12waitable_set17waitable_allocateEv.str1.1
                0x00000000000047ea       0x1b rtos.o
 .rodata._ZN4rtos3addEPNS_9task_baseE.str1.1
                0x0000000000004805       0x2e rtos.o
 .rodata._ZN4rtos3runEv.str1.1
                0x0000000000004833       0x11 rtos.o
 .rodata._ZN4rtos4beatEv.str1.1
                0x0000000000004844       0x3e rtos.o
 .rodata._ZN4rtos5printERN5hwlib7ostreamE.str1.1
                0x0000000000004882       0x83 rtos.o
 .rodata._ZN4rtos9task_base5blockEv.str1.1
                0x0000000000004905       0x37 rtos.o
                                         0x4b (size before relaxing)
 .rodata._ZN4rtos9task_baseC2ER9coroutineILl0EEjPKc.str1.1
                0x000000000000493c        0x8 rtos.o
 .rodata._ZNK4rtos12channel_base5printERN5hwlib7ostreamEb.str1.1
                0x0000000000004944       0x23 rtos.o
 .rodata._ZNK4rtos12mailbox_base5printERN5hwlib7ostreamEb.str1.1
                0x0000000000004967       0x1b rtos.o
 .rodata._ZNK4rtos4flag5printERN5hwlib7ostreamEb.str1.1
                0x0000000000004982       0x1e rtos.o
 .rodata._ZNK4rtos5clock5printERN5hwlib7ostreamEb.str1.1
                0x00000000000049a0       0x1d rtos.o
 .rodata._ZNK4rtos5eventeqERKS0_.str1.1
                0x00000000000049bd       0x21 rtos.o
 .rodata._ZNK4rtos5eventplERKS0_.str1.1
                0x00000000000049de       0x1e rtos.o
 .rodata._ZNK4rtos5mutex5printERN5hwlib7ostreamEb.str1.1
                0x00000000000049fc       0x29 rtos.o
 .rodata._ZNK4rtos5timer5printERN5hwlib7ostreamEb.str1.1
                0x0000000000004a25       0x13 rtos.o
 .rodata._ZNK4rtos9pool_base5printERN5hwlib7ostreamEb.str1.1
                0x0000000000004a38       0x10 rtos.o
 .rodata._ZNK4rtos9task_base5printERN5hwlib7ostreamEb.str1.1
                0x0000000000004a48       0x39 rtos.o
 *fill*         0x0000000000004a81        0x3 
 .rodata._ZTVN4rtos5clockE
                0x0000000000004a84       0x20 rtos.o
                0x0000000000004a84                vtable for rtos::clock
 .rodata._ZTVN4rtos5timerE
                0x0000000000004aa4       0x24 rtos.o
                0x0000000000004aa4                vtable for rtos::timer
 .rodata._ZTVN4rtos9task_baseE
                0x0000000000004ac8       0x14 rtos.o
                0x0000000000004ac8                vtable for rtos::task_base
 .rodata._ZTVN5hwlib14pin_in_dummy_tE
                0x0000000000004adc       0x10 hwlib.o
                0x0000000000004adc                vtable for hwlib::pin_in_dummy_t
 .rodata._ZTVN5hwlib14pin_oc_dummy_tE
                0x0000000000004aec       0x18 hwlib.o
                0x0000000000004aec                vtable for hwlib::pin_oc_dummy_t
 .rodata._ZTVN5hwlib19port_in_from_pins_tE
                0x0000000000004b04       0x14 hwlib.o
                0x0000000000004b04                vtable for hwlib::port_in_from_pins_t
 .rodata._ZTVN5hwlib19port_oc_from_pins_tE
                0x0000000000004b18       0x1c hwlib.o
                0x0000000000004b18                vtable for hwlib::port_oc_from_pins_t
 .rodata._ZTVN5hwlib21port_direct_from_in_tE
                0x0000000000004b34       0x14 hwlib.o
                0x0000000000004b34                vtable for hwlib::port_direct_from_in_t
 .rodata._ZTVN5hwlib21port_direct_from_oc_tE
                0x0000000000004b48       0x1c hwlib.o
                0x0000000000004b48                vtable for hwlib::port_direct_from_oc_t
 .rodata._ZTVN5hwlib20cout_using_uart_putcE
                0x0000000000004b64       0x10 hwlib.o
                0x0000000000004b64                vtable for hwlib::cout_using_uart_putc
 .rodata._ZTVN5hwlib9image_8x8E
                0x0000000000004b74        0xc hwlib.o
                0x0000000000004b74                vtable for hwlib::image_8x8
 .rodata._ZTVN5hwlib14image_invert_tE
                0x0000000000004b80        0xc hwlib.o
                0x0000000000004b80                vtable for hwlib::image_invert_t
 .rodata._ZN5hwlib16font_default_8x86imagesE
                0x0000000000004b8c      0xa00 hwlib.o
                0x0000000000004b8c                hwlib::font_default_8x8::images
 .rodata._ZN5hwlibL5blackE
                0x000000000000558c        0x4 hwlib.o
 .rodata._ZN5hwlibL5whiteE
                0x0000000000005590        0x4 hwlib.o
 .rodata._ZTVN5hwlib26i2c_bus_bit_banged_scl_sdaE
                0x0000000000005594       0x34 main.o
                0x0000000000005594                vtable for hwlib::i2c_bus_bit_banged_scl_sda
 .rodata._ZTVN5hwlib13terminal_fromE
                0x00000000000055c8       0x20 main.o
                0x00000000000055c8                vtable for hwlib::terminal_from
 .rodata._ZTVN5hwlib16font_default_8x8E
                0x00000000000055e8        0xc main.o
                0x00000000000055e8                vtable for hwlib::font_default_8x8
 .rodata._ZTVN5hwlib29glcd_oled_i2c_128x64_bufferedE
                0x00000000000055f4       0x18 main.o
                0x00000000000055f4                vtable for hwlib::glcd_oled_i2c_128x64_buffered
 .rodata._ZTVN3due6pin_inE
                0x000000000000560c       0x10 main.o
                0x000000000000560c                vtable for due::pin_in
 .rodata._ZTVN3due7pin_outE
                0x000000000000561c       0x10 main.o
                0x000000000000561c                vtable for due::pin_out
 .rodata._ZTVN3due6pin_ocE
                0x000000000000562c       0x18 main.o
                0x000000000000562c                vtable for due::pin_oc
 .rodata._ZTVN3due8d2_36kHzE
                0x0000000000005644       0x10 main.o
                0x0000000000005644                vtable for due::d2_36kHz
 .rodata._ZTVN4rtos4taskILi4096EEE
                0x0000000000005654       0x14 main.o
                0x0000000000005654                vtable for rtos::task<4096>
 .rodata._ZTV10BuzzerTask
                0x0000000000005668       0x14 main.o
                0x0000000000005668                vtable for BuzzerTask
 .rodata._ZTV11DisplayTask
                0x000000000000567c       0x14 main.o
                0x000000000000567c                vtable for DisplayTask
 .rodata._ZTV8SendTask
                0x0000000000005690       0x14 main.o
                0x0000000000005690                vtable for SendTask
 .rodata._ZTVN5hwlib6keypadILi16EEE
                0x00000000000056a4       0x14 main.o
                0x00000000000056a4                vtable for hwlib::keypad<16>
 .rodata._ZTVN4rtos7channelIiLi128EEE
                0x00000000000056b8        0xc main.o
                0x00000000000056b8                vtable for rtos::channel<int, 128>
 .rodata._ZTVN4rtos7channelItLi128EEE
                0x00000000000056c4        0xc main.o
                0x00000000000056c4                vtable for rtos::channel<unsigned short, 128>
 .rodata._ZTV11ReceiveTask
                0x00000000000056d0       0x14 main.o
                0x00000000000056d0                vtable for ReceiveTask
 .rodata._ZTV17HardwareInputTaskILj1EE
                0x00000000000056e4       0x14 main.o
                0x00000000000056e4                vtable for HardwareInputTask<1u>
 .rodata._ZN10BuzzerTask4mainEv.str1.1
                0x00000000000056f8       0x11 main.o
 .rodata._ZN11DisplayTaskC2ERN3due6pin_ocES2_.str1.1
                0x0000000000005709       0x29 main.o
                                         0x2a (size before relaxing)
 .rodata._ZN17HardwareInputTaskILj1EE4mainEv.str1.1
                0x0000000000005732       0x19 main.o
 .rodata._ZN4rtos8callbackD2Ev.str1.1
                0x000000000000574b       0x21 main.o
                                         0x35 (size before relaxing)
 .rodata._ZN4rtos9task_baseD2Ev.str1.1
                0x000000000000576c       0x17 main.o
 .rodata._ZN5hwlibL11unspecifiedE
                0x0000000000005783        0x4 main.o
 .rodata._ZN5hwlibL22ssd1306_initializationE
                0x0000000000005787       0x29 main.o
 .rodata._ZN8SendTask4mainEv.str1.1
                0x00000000000057b0        0xf main.o
 .rodata.main.str1.1
                0x00000000000057bf      0x187 main.o
                0x0000000000005948                . = ALIGN (0x4)
 *fill*         0x0000000000005946        0x2 
 *(.ARM.extab* .gnu.linkonce.armextab.*)
                0x0000000000005948                . = ALIGN (0x4)
 *(.gcc_except_table)
                0x0000000000005948                . = ALIGN (0x4)
 *(.eh_frame_hdr)
                0x0000000000005948                . = ALIGN (0x4)
 *(.eh_frame)
                0x0000000000005948                . = ALIGN (0x4)
                0x0000000000005948                __text_end = .
                [!provide]                        PROVIDE (__text_end = __text_end)

.vfp11_veneer   0x0000000000005948        0x0
 .vfp11_veneer  0x0000000000005948        0x0 linker stubs

.v4_bx          0x0000000000005948        0x0
 .v4_bx         0x0000000000005948        0x0 linker stubs

.iplt           0x0000000000005948        0x0
 .iplt          0x0000000000005948        0x0 Buzzer.o

.IF_YOU_SEE_THIS_YOU_HAVE_ONE_OR_MORE_GLOBAL_OBJECT_CONSTRUCTORS
 *(.init)
 *(.preinit_array)
 *(SORT_BY_NAME(.init_array.*))
 *(.init_array)
                0x0000000000005948                . = ALIGN (0x4)
                0x0000000000005948                __exidx_start = .
                [!provide]                        PROVIDE (__exidx_start = __exidx_start)

.ARM.exidx      0x0000000000005948        0x8
 *(.ARM.exidx* .gnu.linkonce.armexidx.*)
 .ARM.exidx     0x0000000000005948        0x8 /usr/bin/../lib/gcc/arm-none-eabi/7.3.1/thumb/v7-m/libgcc.a(_udivmoddi4.o)

.rel.dyn        0x0000000000005950        0x0
 .rel.iplt      0x0000000000005950        0x0 Buzzer.o
                0x0000000000005950                . = ALIGN (0x4)
                0x0000000000005950                __exidx_end = .
                [!provide]                        PROVIDE (__exidx_end = __exidx_end)

.bss            0x0000000020000000    0x14074
                0x0000000020000000                . = ALIGN (0x4)
                0x0000000020000000                __stack_start = .
                [!provide]                        PROVIDE (__stack_start = __stack_start)
                0x0000000020000000                . = ALIGN (0x4)
 *(.bmptk_stack)
 .bmptk_stack   0x0000000020000000    0x14000 bmptk_fixed_size_stack.o
                0x0000000020000000                bmptk_stack
                0x0000000020014000                . = ALIGN (0x8)
                0x0000000020014000                __main_stack_end = .
                [!provide]                        PROVIDE (__main_stack_end = __main_stack_end)
                0x0000000020014000                . = ALIGN (0x4)
                0x0000000020014000                __stack_end = .
                [!provide]                        PROVIDE (__stack_end = __stack_end)
                0x0000000020014000                . = ALIGN (0x4)
                0x0000000020014000                __bss_start = .
                [!provide]                        PROVIDE (__bss_start = __bss_start)
                0x0000000020014000                . = ALIGN (0x4)
 *(.bss .bss.* .gnu.linkonce.b.*)
 .bss._ZZN3due9now_ticksEvE4high
                0x0000000020014000        0x8 Buzzer.o
 .bss._ZZN3due9now_ticksEvE8last_low
                0x0000000020014008        0x4 Buzzer.o
 .bss._ZZN3due9now_ticksEvE9init_done
                0x000000002001400c        0x1 Buzzer.o
 *fill*         0x000000002001400d        0x3 
 .bss._ZZN6PlayerILi5000ELi6EE9reportHitEjjE7counter
                0x0000000020014010        0x4 GameTask.o
                0x0000000020014010                Player<5000, 6>::reportHit(unsigned int, unsigned int)::counter
 .bss._ZZN8GameTask4mainEvE10hitMessage
                0x0000000020014014        0x2 GameTask.o
                0x0000000020014014                GameTask::main()::hitMessage
 *fill*         0x0000000020014016        0x2 
 .bss._ZZN8GameTask4mainEvE11runSubState
                0x0000000020014018        0x4 GameTask.o
                0x0000000020014018                GameTask::main()::runSubState
 .bss._ZZN8GameTask4mainEvE12initSubState
                0x000000002001401c        0x4 GameTask.o
                0x000000002001401c                GameTask::main()::initSubState
 .bss._ZZN8GameTask4mainEvE11regSubState
                0x0000000020014020        0x4 GameTask.o
                0x0000000020014020                GameTask::main()::regSubState
 .bss._ZZN8GameTask4mainEvE9mainState
                0x0000000020014024        0x4 GameTask.o
                0x0000000020014024                GameTask::main()::mainState
 .bss._ZN17coroutine_context7main_spE
                0x0000000020014028        0x4 coroutine.o
                0x0000000020014028                coroutine_context::main_sp
 .bss._ZN4rtos10must_clearE
                0x000000002001402c        0x1 rtos.o
                0x000000002001402c                rtos::must_clear
 *fill*         0x000000002001402d        0x3 
 .bss._ZN4rtos17rtos_current_taskE
                0x0000000020014030        0x4 rtos.o
                0x0000000020014030                rtos::rtos_current_task
 .bss._ZN4rtos17scheduler_runningE
                0x0000000020014034        0x1 rtos.o
                0x0000000020014034                rtos::scheduler_running
 *fill*         0x0000000020014035        0x3 
 .bss._ZN4rtos5flagsE
                0x0000000020014038        0x4 rtos.o
                0x0000000020014038                rtos::flags
 .bss._ZN4rtos5poolsE
                0x000000002001403c        0x4 rtos.o
                0x000000002001403c                rtos::pools
 .bss._ZN4rtos6clocksE
                0x0000000020014040        0x4 rtos.o
                0x0000000020014040                rtos::clocks
 .bss._ZN4rtos6timersE
                0x0000000020014044        0x4 rtos.o
                0x0000000020014044                rtos::timers
 .bss._ZN4rtos7mutexesE
                0x0000000020014048        0x4 rtos.o
                0x0000000020014048                rtos::mutexes
 .bss._ZN4rtos8channelsE
                0x000000002001404c        0x4 rtos.o
                0x000000002001404c                rtos::channels
 .bss._ZN4rtos8taskListE
                0x0000000020014050        0x4 rtos.o
                0x0000000020014050                rtos::taskList
 .bss._ZN4rtos9mailboxesE
                0x0000000020014054        0x4 rtos.o
                0x0000000020014054                rtos::mailboxes
 .bss._ZN4rtos9timerListE
                0x0000000020014058        0x4 rtos.o
                0x0000000020014058                rtos::timerList
 *fill*         0x000000002001405c        0x4 
 .bss.last_run_time
                0x0000000020014060        0x8 rtos.o
                0x0000000020014060                last_run_time
 .bss._ZN5hwlib10background5firstE
                0x0000000020014068        0x4 hwlib.o
                0x0000000020014068                hwlib::background::first
 .bss._ZN5hwlib10background7currentE
                0x000000002001406c        0x4 hwlib.o
                0x000000002001406c                hwlib::background::current
 .bss._ZN5hwlib10background7runningE
                0x0000000020014070        0x1 hwlib.o
                0x0000000020014070                hwlib::background::running
 .bss._ZZN3due9uart_initEvE9init_done
                0x0000000020014071        0x1 hwlib.o
                0x0000000020014074                . = ALIGN (0x4)
 *fill*         0x0000000020014072        0x2 
 *(COMMON)
                0x0000000020014074                . = ALIGN (0x4)
                0x0000000020014074                __bss_end = .
                [!provide]                        PROVIDE (__bss_end = __bss_end)

.data           0x0000000020014074       0x34 load address 0x0000000000005950
                0x0000000020014074                . = ALIGN (0x4)
                0x0000000000005950                __data_init_start = LOADADDR (.data)
                [!provide]                        PROVIDE (__data_init_start = __data_init_start)
                0x0000000020014074                __data_start = .
                [!provide]                        PROVIDE (__data_start = __data_start)
                0x0000000020014074                . = ALIGN (0x4)
 *(.data .data.* .gnu.linkonce.d.*)
 .data._ZN6sam3xa15SystemCoreClockE
                0x0000000020014074        0x4 Buzzer.o
                0x0000000020014074                sam3xa::SystemCoreClock
 .data._ZZN8GameTask4mainEvE9itterator
                0x0000000020014078        0x4 GameTask.o
                0x0000000020014078                GameTask::main()::itterator
 .data._ZN17coroutine_context24current_coroutine_sp_ptrE
                0x000000002001407c        0x4 coroutine.o
                0x000000002001407c                coroutine_context::current_coroutine_sp_ptr
 .data._ZN3due7hw_uartE
                0x0000000020014080        0x4 hwlib.o
                0x0000000020014080                due::hw_uart
 .data._ZN5hwlib12pin_in_dummyE
                0x0000000020014084        0x4 hwlib.o
                0x0000000020014084                hwlib::pin_in_dummy
 .data._ZN5hwlib12pin_oc_dummyE
                0x0000000020014088        0x4 hwlib.o
                0x0000000020014088                hwlib::pin_oc_dummy
 .data._ZN5hwlib4coutE
                0x000000002001408c       0x14 hwlib.o
                0x000000002001408c                hwlib::cout
 .data._first_free
                0x00000000200140a0        0x4 bmptk_heap_bmptk.o
                0x00000000200140a0                _first_free
 .data._last_free
                0x00000000200140a4        0x4 bmptk_heap_bmptk.o
                0x00000000200140a4                _last_free
                0x00000000200140a8                . = ALIGN (0x4)
                0x00000000200140a8                __data_end = .
                [!provide]                        PROVIDE (__data_end = __data_end)
                0x0000000000005950                __data_init_end = LOADADDR (.data)
                [!provide]                        PROVIDE (__data_init_end = __data_init_end)
                [!provide]                        PROVIDE (__data_size = (__data_end - __data_start))
                [!provide]                        PROVIDE (__data_init_size = __data_size)
                [!provide]                        PROVIDE (__data_init_end = (__data_init_start + __data_init_size))

.igot.plt       0x00000000200140a8        0x0 load address 0x0000000000005984
 .igot.plt      0x00000000200140a8        0x0 Buzzer.o
                0x00000000200140a8                . = ALIGN (0x4)
                0x00000000200140a8                __heap_start = .
                [!provide]                        PROVIDE (__heap_start = __heap_start)
                0x00000000200140a8                . = ALIGN (0x4)
                0x0000000020018000                __heap_end = __ram_end
                [!provide]                        PROVIDE (__heap_end = __heap_end)

.stab
 *(.stab)

.stabstr
 *(.stabstr)

.debug
 *(.debug)

.line
 *(.line)

.debug_srcinfo
 *(.debug_srcinfo)

.debug_sfnames
 *(.debug_sfnames)

.debug_aranges
 *(.debug_aranges)

.debug_pubnames
 *(.debug_pubnames)

.debug_info
 *(.debug_info .gnu.linkonce.wi.*)

.debug_abbrev
 *(.debug_abbrev)

.debug_line
 *(.debug_line)

.debug_frame    0x0000000000000000       0xdc
 *(.debug_frame)
 .debug_frame   0x0000000000000000       0x44 /usr/bin/../lib/gcc/arm-none-eabi/7.3.1/thumb/v7-m/libgcc.a(_aeabi_ldivmod.o)
 .debug_frame   0x0000000000000044       0x2c /usr/bin/../lib/gcc/arm-none-eabi/7.3.1/thumb/v7-m/libgcc.a(_aeabi_uldivmod.o)
 .debug_frame   0x0000000000000070       0x34 /usr/bin/../lib/gcc/arm-none-eabi/7.3.1/thumb/v7-m/libgcc.a(_udivmoddi4.o)
 .debug_frame   0x00000000000000a4       0x38 /usr/bin/../lib/gcc/arm-none-eabi/7.3.1/../../../../arm-none-eabi/lib/thumb/v7-m/libc.a(lib_a-memset.o)

.comment        0x0000000000000000       0x7f
 .comment       0x0000000000000000       0x7f Buzzer.o
                                         0x80 (size before relaxing)
 .comment       0x000000000000007f       0x80 BuzzerTask.o
 .comment       0x000000000000007f       0x80 Display.o
 .comment       0x000000000000007f       0x80 DisplayTask.o
 .comment       0x000000000000007f       0x80 GameTask.o
 .comment       0x000000000000007f       0x80 IrDetector.o
 .comment       0x000000000000007f       0x80 IrDiode.o
 .comment       0x000000000000007f       0x80 RecIRMsgControl.o
 .comment       0x000000000000007f       0x80 RunGameControl.o
 .comment       0x000000000000007f       0x80 SendTask.o
 .comment       0x000000000000007f       0x80 TransferHitsControl.o
 .comment       0x000000000000007f       0x80 coroutine.o
 .comment       0x000000000000007f       0x80 rtos.o
 .comment       0x000000000000007f       0x80 hwlib.o
 .comment       0x000000000000007f       0x80 main.o
 .comment       0x000000000000007f       0x80 bmptk_cortex.o
 .comment       0x000000000000007f       0x80 bmptk_heap_bmptk.o
 .comment       0x000000000000007f       0x80 bmptk_fixed_size_stack.o

.debug_str
 *(.debug_str)

.debug_loc
 *(.debug_loc)

.debug_macinfo
 *(.debug_macinfo)

.debug_weaknames
 *(.debug_weaknames)

.debug_funcnames
 *(.debug_funcnames)

.debug_typenames
 *(.debug_typenames)

.debug_varnames
 *(.debug_varnames)

.note.gnu.arm.ident
 *(.note.gnu.arm.ident)

.ARM.attributes
                0x0000000000000000       0x31
 *(.ARM.attributes)
 .ARM.attributes
                0x0000000000000000       0x33 Buzzer.o
 .ARM.attributes
                0x0000000000000033       0x33 BuzzerTask.o
 .ARM.attributes
                0x0000000000000066       0x33 Display.o
 .ARM.attributes
                0x0000000000000099       0x33 DisplayTask.o
 .ARM.attributes
                0x00000000000000cc       0x33 GameTask.o
 .ARM.attributes
                0x00000000000000ff       0x33 IrDetector.o
 .ARM.attributes
                0x0000000000000132       0x33 IrDiode.o
 .ARM.attributes
                0x0000000000000165       0x33 RecIRMsgControl.o
 .ARM.attributes
                0x0000000000000198       0x33 RunGameControl.o
 .ARM.attributes
                0x00000000000001cb       0x33 SendTask.o
 .ARM.attributes
                0x00000000000001fe       0x33 TransferHitsControl.o
 .ARM.attributes
                0x0000000000000231       0x21 switch_to.o
 .ARM.attributes
                0x0000000000000252       0x33 coroutine.o
 .ARM.attributes
                0x0000000000000285       0x33 rtos.o
 .ARM.attributes
                0x00000000000002b8       0x33 hwlib.o
 .ARM.attributes
                0x00000000000002eb       0x33 main.o
 .ARM.attributes
                0x000000000000031e       0x33 bmptk_cortex.o
 .ARM.attributes
                0x0000000000000351       0x33 bmptk_heap_bmptk.o
 .ARM.attributes
                0x0000000000000384       0x33 bmptk_fixed_size_stack.o
 .ARM.attributes
                0x00000000000003b7       0x1d /usr/bin/../lib/gcc/arm-none-eabi/7.3.1/thumb/v7-m/libgcc.a(_aeabi_ldivmod.o)
 .ARM.attributes
                0x00000000000003d4       0x1d /usr/bin/../lib/gcc/arm-none-eabi/7.3.1/thumb/v7-m/libgcc.a(_aeabi_uldivmod.o)
 .ARM.attributes
                0x00000000000003f1       0x2d /usr/bin/../lib/gcc/arm-none-eabi/7.3.1/thumb/v7-m/libgcc.a(_udivmoddi4.o)
 .ARM.attributes
                0x000000000000041e       0x1d /usr/bin/../lib/gcc/arm-none-eabi/7.3.1/thumb/v7-m/libgcc.a(_dvmd_tls.o)
 .ARM.attributes
                0x000000000000043b       0x1b /usr/bin/../lib/gcc/arm-none-eabi/7.3.1/../../../../arm-none-eabi/lib/thumb/v7-m/libc.a(lib_a-memcpy.o)
 .ARM.attributes
                0x0000000000000456       0x2d /usr/bin/../lib/gcc/arm-none-eabi/7.3.1/../../../../arm-none-eabi/lib/thumb/v7-m/libc.a(lib_a-memset.o)

/DISCARD/
 *(.note.GNU-stack)
                [!provide]                        PROVIDE (__text_size = (__text_end - __text_start))
                [!provide]                        PROVIDE (__exidx_size = (__exidx_end - __exidx_start))
                [!provide]                        PROVIDE (__bss_size = (__bss_end - __bss_start))
                [!provide]                        PROVIDE (__stack_size = (__stack_end - __stack_start))
                [!provide]                        PROVIDE (__heap_size = (__heap_end - __heap_start))
OUTPUT(main.elf elf32-littlearm)
